Microchip MPLAB XC8 Compiler V1.37 ()

Linker command line:

--edf=C:\Program Files (x86)\Microchip\xc8\v1.37\dat\en_msgs.txt -cs \
  -h+dist/default/debug\glucose_meter2A.X.debug.sym \
  --cmf=dist/default/debug\glucose_meter2A.X.debug.cmf -z -Q16F1786 \
  -oC:\Users\Tom\AppData\Local\Temp\s81g.2 \
  -Mdist/default/debug/glucose_meter2A.X.debug.map -E1 -ver=XC8 \
  -ASTACK=020B3h-022c3h -pstack=STACK -ACODE=00h-07FFhx4 \
  -ASTRCODE=00h-01FFFh -ASTRING=00h-0FFhx32 -ACONST=00h-0FFhx32 \
  -AENTRY=00h-0FFhx32 -ACOMMON=070h-07Fh -ABANK0=020h-06Fh \
  -ABANK1=0A0h-0EFh -ABANK2=0120h-016Fh -ABANK3=01A0h-01EFh \
  -ABANK4=0220h-026Fh -ABANK5=02A0h-02EFh -ABANK6=0320h-036Fh \
  -ABANK7=03A0h-03EFh -ABANK8=0420h-046Fh -ABANK9=04A0h-04EFh \
  -ABANK10=0520h-056Fh -ABANK11=05A0h-05EFh -ABANK12=0620h-064Fh \
  -ABIGRAM=02000h-023EFh \
  -ARAM=020h-06Fh,0A0h-0EFh,0120h-016Fh,01A0h-01EFh,0220h-026Fh,02A0h-02EFh,0320h-036Fh,03A0h-03EFh,0420h-046Fh,04A0h-04EFh,0520h-056Fh,05A0h-05EFh,0620h-064Fh \
  -AABS1=020h-07Fh,0A0h-0EFh,0120h-016Fh,01A0h-01EFh,0220h-026Fh,02A0h-02EFh,0320h-036Fh,03A0h-03EFh,0420h-046Fh,04A0h-04EFh,0520h-056Fh,05A0h-05EFh,0620h-064Fh \
  -ASFR0=00h-01Fh -ASFR1=080h-09Fh -ASFR2=0100h-011Fh -ASFR3=0180h-019Fh \
  -ASFR4=0200h-021Fh -ASFR5=0280h-029Fh -ASFR6=0300h-031Fh \
  -ASFR7=0380h-039Fh -ASFR8=0400h-041Fh -ASFR9=0480h-049Fh \
  -ASFR10=0500h-051Fh -ASFR11=0580h-059Fh -ASFR12=0600h-061Fh \
  -ASFR13=0680h-06EFh -ASFR14=0700h-076Fh -ASFR15=0780h-07EFh \
  -ASFR16=0800h-086Fh -ASFR17=0880h-08EFh -ASFR18=0900h-096Fh \
  -ASFR19=0980h-09EFh -ASFR20=0A00h-0A6Fh -ASFR21=0A80h-0AEFh \
  -ASFR22=0B00h-0B6Fh -ASFR23=0B80h-0BEFh -ASFR24=0C00h-0C6Fh \
  -ASFR25=0C80h-0CEFh -ASFR26=0D00h-0D6Fh -ASFR27=0D80h-0DEFh \
  -ASFR28=0E00h-0E6Fh -ASFR29=0E80h-0EEFh -ASFR30=0F00h-0F6Fh \
  -ASFR31=0F80h-0FEFh -preset_vec=00h,intentry=04h,init,end_init \
  -ppowerup=CODE -pcinit=CODE -pfunctab=CODE -ACONFIG=08007h-08008h \
  -pconfig=CONFIG -DCONFIG=2 -AIDLOC=08000h-08003h -pidloc=IDLOC -DIDLOC=2 \
  -AEEDATA=00h-0FFh/0F000h -peeprom_data=EEDATA -DEEDATA=2 -DCODE=2 \
  -DSTRCODE=2 -DSTRING=2 -DCONST=2 -DENTRY=2 -k \
  C:\Users\Tom\AppData\Local\Temp\s81g.obj \
  dist/default/debug\glucose_meter2A.X.debug.obj 

Object code version is 3.11

Machine type is 16F1786



                Name                               Link     Load   Length Selector   Space Scale
C:\Users\Tom\AppData\Local\Temp\s81g.obj
                end_init                            1DB      1DB        2        8       0
                reset_vec                             0        0        3        0       0
                config                             8007     8007        2    1000E       0
dist/default/debug\glucose_meter2A.X.debug.obj
                cinit                               1DD      1DD       45        8       0
                intentry                              4        4      1D7        8       0
                text43                             133F     133F       25     267E       0
                text42                             14FC     14FC       46     29F8       0
                text40                              808      808       65     1010       0
                text39                             131D     131D       22     263A       0
                text38                              A5D      A5D       F6     14BA       0
                text37                             147E     147E       3C     28FC       0
                text36                              9A9      9A9       B4     1352       0
                text35                              86D      86D       93     10DA       0
                text34                             14BA     14BA       42     2974       0
                text33                             13E7     13E7       2F     27CE       0
                text32                             127B     127B       15     24F6       0
                text31                             1364     1364       2A     26C8       0
                text30                             15D6     15D6       52     2BAC       0
                text29                             1779     1779       87     2EF2       0
                text28                             168C     168C       75     2D18       0
                text27                             11FA     11FA        4     23F4       0
                text26                              800      800        8      A84       0
                text25                             1542     1542       47     2A84       0
                text24                             120D     120D        B     241A       0
                text23                             1589     1589       4D     2B12       0
                text22                             12DE     12DE       1E     25BC       0
                text21                             12C2     12C2       1C     2584       0
                text20                              7A1      7A1       53      A84       0
                text19                             1290     1290       17     2520       0
                text18                             12FC     12FC       21     25F8       0
                text17                             1701     1701       78     2E02       0
                text16                             138E     138E       2C     271C       0
                text15                             1628     1628       64     2C50       0
                text14                             1416     1416       33     282C       0
                text13                              CAE      CAE      15E     195C       0
                text12                             1255     1255       13     24AA       0
                text11                             1268     1268       13     24D0       0
                text10                             1243     1243       12     2486       0
                text9                              1449     1449       35     2892       0
                text8                              13BA     13BA       2D     2774       0
                text7                              1224     1224        F     2448       0
                text6                              11F9     11F9        1     23F2       0
                text5                               B53      B53      15B     16A6       0
                swtext2                            1014     1014       14     2000       0
                swtext1                            1000     1000       14     2000       0
                text4                               542      542      25F      A84       0
                text3                               900      900       A9     1200       0
                text2                              1204     1204        9     2408       0
                text1                              12A7     12A7       1B     254E       0
                maintext                            E0C      E0C      1F4     1C18       0
                cstackBANK0                          20       20       3B       20       1
                cstackCOMMON                         70       70        7       70       1
                cstackBANK1                          E0       E0        9       A0       1
                cstackBANK2                         120      120       13      120       1
                inittext                           1218     1218        C     2430       0
                clrtext                             7F4      7F4        C      A84       0
                dataBANK1                            D0       D0       10       A0       1
                bssBANK1                             A0       A0       30       A0       1
                dataBANK0                            61       61        6       20       1
                bssBANK0                             5B       5B        6       20       1
                dataCOMMON                           7D       7D        1       70       1
                bssCOMMON                            77       77        6       70       1
                stringtext                          222      222      320      444       0
                idataBANK1                         1233     1233       10     2466       0
                idataBANK0                         11FE     11FE        6     23FC       0
                idataCOMMON                           3        3        1        0       0

TOTAL           Name                               Link     Load   Length     Space
        CLASS   STACK          

        CLASS   CODE           
                end_init                            1DB      1DB        2         0
                cinit                               1DD      1DD       45         0
                intentry                              4        4      1D7         0
                reset_vec                             0        0        3         0
                text43                             133F     133F       25         0
                text42                             14FC     14FC       46         0
                text40                              808      808       65         0
                text39                             131D     131D       22         0
                text38                              A5D      A5D       F6         0
                text37                             147E     147E       3C         0
                text36                              9A9      9A9       B4         0
                text35                              86D      86D       93         0
                text34                             14BA     14BA       42         0
                text33                             13E7     13E7       2F         0
                text32                             127B     127B       15         0
                text31                             1364     1364       2A         0
                text30                             15D6     15D6       52         0
                text29                             1779     1779       87         0
                text28                             168C     168C       75         0
                text27                             11FA     11FA        4         0
                text26                              800      800        8         0
                text25                             1542     1542       47         0
                text24                             120D     120D        B         0
                text23                             1589     1589       4D         0
                text22                             12DE     12DE       1E         0
                text21                             12C2     12C2       1C         0
                text20                              7A1      7A1       53         0
                text19                             1290     1290       17         0
                text18                             12FC     12FC       21         0
                text17                             1701     1701       78         0
                text16                             138E     138E       2C         0
                text15                             1628     1628       64         0
                text14                             1416     1416       33         0
                text13                              CAE      CAE      15E         0
                text12                             1255     1255       13         0
                text11                             1268     1268       13         0
                text10                             1243     1243       12         0
                text9                              1449     1449       35         0
                text8                              13BA     13BA       2D         0
                text7                              1224     1224        F         0
                text6                              11F9     11F9        1         0
                text5                               B53      B53      15B         0
                text4                               542      542      25F         0
                text3                               900      900       A9         0
                text2                              1204     1204        9         0
                text1                              12A7     12A7       1B         0
                maintext                            E0C      E0C      1F4         0
                inittext                           1218     1218        C         0
                clrtext                             7F4      7F4        C         0
                idataBANK1                         1233     1233       10         0
                idataBANK0                         11FE     11FE        6         0
                idataCOMMON                           3        3        1         0

        CLASS   STRCODE        
                stringtext                          222      222      320         0

        CLASS   STRING         

        CLASS   CONST          
                swtext2                            1014     1014       14         0
                swtext1                            1000     1000       14         0

        CLASS   ENTRY          

        CLASS   COMMON         
                cstackCOMMON                         70       70        7         1
                dataCOMMON                           7D       7D        1         1
                bssCOMMON                            77       77        6         1

        CLASS   BANK0          
                cstackBANK0                          20       20       3B         1
                dataBANK0                            61       61        6         1
                bssBANK0                             5B       5B        6         1

        CLASS   BANK1          
                cstackBANK1                          E0       E0        9         1
                dataBANK1                            D0       D0       10         1
                bssBANK1                             A0       A0       30         1

        CLASS   BANK2          
                cstackBANK2                         120      120       13         1

        CLASS   BANK3          

        CLASS   BANK4          

        CLASS   BANK5          

        CLASS   BANK6          

        CLASS   BANK7          

        CLASS   BANK8          

        CLASS   BANK9          

        CLASS   BANK10         

        CLASS   BANK11         

        CLASS   BANK12         

        CLASS   BIGRAM         

        CLASS   RAM            

        CLASS   ABS1           
                abs_s1                               7E       7E        2         1
                abs_s1                              464      464        C         1
                abs_s1                              4A0      4A0       50         1
                abs_s1                              520      520       50         1
                abs_s1                              5A0      5A0       50         1
                abs_s1                              620      620       30         1
                abs_s1                             22C4     22C4        0         1

        CLASS   SFR0           

        CLASS   SFR1           

        CLASS   SFR2           

        CLASS   SFR3           

        CLASS   SFR4           

        CLASS   SFR5           

        CLASS   SFR6           

        CLASS   SFR7           

        CLASS   SFR8           

        CLASS   SFR9           

        CLASS   SFR10          

        CLASS   SFR11          

        CLASS   SFR12          

        CLASS   SFR13          

        CLASS   SFR14          

        CLASS   SFR15          

        CLASS   SFR16          

        CLASS   SFR17          

        CLASS   SFR18          

        CLASS   SFR19          

        CLASS   SFR20          

        CLASS   SFR21          

        CLASS   SFR22          

        CLASS   SFR23          

        CLASS   SFR24          

        CLASS   SFR25          

        CLASS   SFR26          

        CLASS   SFR27          

        CLASS   SFR28          

        CLASS   SFR29          

        CLASS   SFR30          

        CLASS   SFR31          

        CLASS   CONFIG         
                config                             8007     8007        2         0

        CLASS   IDLOC          

        CLASS   EEDATA         

        CLASS   BANK31         

        CLASS   BANK30         

        CLASS   BANK29         

        CLASS   BANK28         

        CLASS   BANK27         

        CLASS   BANK26         

        CLASS   BANK25         

        CLASS   BANK24         

        CLASS   BANK23         

        CLASS   BANK22         

        CLASS   BANK21         

        CLASS   BANK20         

        CLASS   BANK19         

        CLASS   BANK18         

        CLASS   BANK17         

        CLASS   BANK16         

        CLASS   BANK15         

        CLASS   BANK14         

        CLASS   BANK13         



SEGMENTS        Name                           Load    Length   Top    Selector   Space  Class     Delta

                reset_vec                      000000  000004  000004         0       0  CODE        2
                intentry                       000004  00021E  000222         8       0  CODE        2
                cstackBANK0                    000020  000047  000067        20       1  BANK0       1
                cstackCOMMON                   000070  00000E  00007E        70       1  COMMON      1
                bssBANK1                       0000A0  000049  0000E9        A0       1  BANK1       1
                cstackBANK2                    000120  000013  000133       120       1  BANK2       1
                stringtext                     000222  000320  000542       444       0  STRCODE     2
                text4                          000542  0002C6  000808       A84       0  CODE        2
                text40                         000808  000065  00086D      1010       0  CODE        2
                text35                         00086D  000093  000900      10DA       0  CODE        2
                text3                          000900  0000A9  0009A9      1200       0  CODE        2
                text36                         0009A9  0000B4  000A5D      1352       0  CODE        2
                text38                         000A5D  0000F6  000B53      14BA       0  CODE        2
                text5                          000B53  00015B  000CAE      16A6       0  CODE        2
                text13                         000CAE  00015E  000E0C      195C       0  CODE        2
                maintext                       000E0C  0001F4  001000      1C18       0  CODE        2
                swtext1                        001000  000028  001028      2000       0  CONST       2
                text6                          0011F9  000001  0011FA      23F2       0  CODE        2
                text27                         0011FA  000004  0011FE      23F4       0  CODE        2
                idataBANK0                     0011FE  000006  001204      23FC       0  CODE        2
                text2                          001204  000009  00120D      2408       0  CODE        2
                text24                         00120D  00000B  001218      241A       0  CODE        2
                inittext                       001218  00000C  001224      2430       0  CODE        2
                text7                          001224  00000F  001233      2448       0  CODE        2
                idataBANK1                     001233  000010  001243      2466       0  CODE        2
                text10                         001243  000012  001255      2486       0  CODE        2
                text12                         001255  000013  001268      24AA       0  CODE        2
                text11                         001268  000013  00127B      24D0       0  CODE        2
                text32                         00127B  000015  001290      24F6       0  CODE        2
                text19                         001290  000017  0012A7      2520       0  CODE        2
                text1                          0012A7  00001B  0012C2      254E       0  CODE        2
                text21                         0012C2  00001C  0012DE      2584       0  CODE        2
                text22                         0012DE  00001E  0012FC      25BC       0  CODE        2
                text18                         0012FC  000021  00131D      25F8       0  CODE        2
                text39                         00131D  000022  00133F      263A       0  CODE        2
                text43                         00133F  000025  001364      267E       0  CODE        2
                text31                         001364  00002A  00138E      26C8       0  CODE        2
                text16                         00138E  00002C  0013BA      271C       0  CODE        2
                text8                          0013BA  00002D  0013E7      2774       0  CODE        2
                text33                         0013E7  00002F  001416      27CE       0  CODE        2
                text14                         001416  000033  001449      282C       0  CODE        2
                text9                          001449  000035  00147E      2892       0  CODE        2
                text37                         00147E  00003C  0014BA      28FC       0  CODE        2
                text34                         0014BA  000042  0014FC      2974       0  CODE        2
                text42                         0014FC  000046  001542      29F8       0  CODE        2
                text25                         001542  000047  001589      2A84       0  CODE        2
                text23                         001589  00004D  0015D6      2B12       0  CODE        2
                text30                         0015D6  000052  001628      2BAC       0  CODE        2
                text15                         001628  000064  00168C      2C50       0  CODE        2
                text28                         00168C  000075  001701      2D18       0  CODE        2
                text17                         001701  000078  001779      2E02       0  CODE        2
                text29                         001779  000087  001800      2EF2       0  CODE        2
                config                         008007  000002  008009     1000E       0  CONFIG      2


UNUSED ADDRESS RANGES

        Name                Unused          Largest block    Delta
        BANK0            00067-0006F               9           1
        BANK1            000E9-000EF               7           1
        BANK2            00133-0016F              3D           1
        BANK3            001A0-001EF              50           1
        BANK4            00220-0026F              50           1
        BANK5            002A0-002EF              50           1
        BANK6            00320-0036F              50           1
        BANK7            003A0-003EF              50           1
        BANK8            00420-00463              44           1
        BIGRAM           02000-023EF             3F0           1
        CODE             01028-011F8             1D1           2
                         01800-01FFF             800
        CONST            01028-011F8              D8           2
                         01800-01FFF             100
        EEDATA           0F000-0F0FF             100           2
        ENTRY            01028-011F8              D8           2
                         01800-01FFF             100
        IDLOC            08000-08003               4           2
        RAM              00067-0006F               9           1
                         000E9-000EF               7
                         00133-0016F              3D
                         001A0-001EF              50
                         00220-0026F              50
                         002A0-002EF              50
                         00320-0036F              50
                         003A0-003EF              50
                         00420-00463              44
        SFR0             00000-0001F              20           1
        SFR1             00080-0009F              20           1
        SFR10            00500-0051F              20           1
        SFR11            00580-0059F              20           1
        SFR12            00600-0061F              20           1
        SFR13            00680-006EF              70           1
        SFR14            00700-0076F              70           1
        SFR15            00780-007EF              70           1
        SFR16            00800-0086F              70           1
        SFR17            00880-008EF              70           1
        SFR18            00900-0096F              70           1
        SFR19            00980-009EF              70           1
        SFR2             00100-0011F              20           1
        SFR20            00A00-00A6F              70           1
        SFR21            00A80-00AEF              70           1
        SFR22            00B00-00B6F              70           1
        SFR23            00B80-00BEF              70           1
        SFR24            00C00-00C6F              70           1
        SFR25            00C80-00CEF              70           1
        SFR26            00D00-00D6F              70           1
        SFR27            00D80-00DEF              70           1
        SFR28            00E00-00E6F              70           1
        SFR29            00E80-00EEF              70           1
        SFR3             00180-0019F              20           1
        SFR30            00F00-00F6F              70           1
        SFR31            00F80-00FEF              70           1
        SFR4             00200-0021F              20           1
        SFR5             00280-0029F              20           1
        SFR6             00300-0031F              20           1
        SFR7             00380-0039F              20           1
        SFR8             00400-0041F              20           1
        SFR9             00480-0049F              20           1
        STACK            020B3-022C3             211           1
        STRCODE          01028-011F8             1D1           2
                         01800-01FFF             800
        STRING           01028-011F8              D8           2
                         01800-01FFF             100

                                  Symbol Table

?___awdiv                              cstackBANK0  00029
?___awtoft                             cstackBANK0  00032
?___ftadd                              cstackBANK0  0003C
?___ftdiv                              cstackBANK0  00031
?___ftmul                              cstackBANK0  00049
?___ftneg                              cstackBANK0  00039
?___ftpack                             cstackBANK0  00029
?___fttol                              cstackBANK0  00029
?___lbtoft                             cstackBANK0  00031
?___lwdiv                              cstackBANK0  00029
?___lwmod                              cstackBANK0  00031
?___wmul                               cstackBANK0  00029
?_printf                               cstackBANK0  00037
DisplaySavedGlucoReading@read_mgdl     cstackBANK1  000E2
DisplaySavedGlucoReading@read_mgdl_int cstackBANK1  000E0
LCDCharacter@character                 cstackBANK0  00039
LCDCharacter@index                     cstackBANK0  0003A
LCDClear@index                         cstackBANK0  00038
LCDString@characters                   cstackBANK0  0003C
LCDWrite@d                             cstackBANK0  00032
LCDWrite@data                          cstackBANK0  0002F
LCDWrite@data_or_command               cstackBANK0  00031
LCDWrite@i                             cstackBANK0  00033
ReadSavedGlucoReading@reading_count    cstackBANK0  0002F
SW1_pressed@SW1_press                  cstackBANK0  0002A
SW3_pressed@SW3_press                  cstackBANK0  0002A
SenseTestStrip@index                   cstackBANK0  00040
SenseTestStrip@temp_adc                cstackBANK0  0003E
SetTime@confirm_count                  cstackBANK2  00131
SetTime@day_1                          cstackBANK2  0012E
SetTime@day_2                          cstackBANK2  00129
SetTime@hour_1                         cstackBANK2  0012F
SetTime@hour_2                         cstackBANK2  0012A
SetTime@min_1                          cstackBANK2  00130
SetTime@min_2                          cstackBANK2  0012B
SetTime@month_1                        cstackBANK2  0012D
SetTime@month_2                        cstackBANK2  00128
SetTime@pre_confirm_count              cstackBANK2  00125
SetTime@set_time_date_loop             cstackBANK2  00126
SetTime@sw1_count                      cstackBANK2  00132
SetTime@tDay                           cstackBANK2  00121
SetTime@tHour                          cstackBANK2  00123
SetTime@tMin                           cstackBANK2  00124
SetTime@tMonth                         cstackBANK2  00120
SetTime@tYear                          cstackBANK2  00122
SetTime@year_1                         cstackBANK2  0012C
SetTime@year_2                         cstackBANK2  00127
_ADCON0                                (abs)        0009D
_ADCON0bits                            (abs)        0009D
_ADCON1                                (abs)        0009E
_ADCON2                                (abs)        0009F
_ADRESH                                (abs)        0009C
_ADRESL                                (abs)        0009B
_ANSELA                                (abs)        0018C
_ANSELAbits                            (abs)        0018C
_ANSELB                                (abs)        0018D
_ANSELBbits                            (abs)        0018D
_ASCII                                 stringtext   00222
_CARRY                                 (abs)        00018
_CalcGlucose                           text35       0086D
_ConfigureOscillator                   text27       011FA
_DACCON0bits                           (abs)        00118
_DACCON1                               (abs)        00119
_Days                                  dataBANK0    00061
_Delay_1_Second                        text34       014BA
_DisplaySavedGlucoReading              text28       0168C
_EEADR                                 (abs)        00191
_EEADRS                                bssBANK0     0005B
_EECON1                                (abs)        00195
_EECON2                                (abs)        00196
_EEDATA                                (abs)        00193
_EnterDeepSleep                        text14       01416
_FVRCONbits                            (abs)        00117
_GIE                                   (abs)        0005F
_GO_nDONE                              (abs)        004E9
_Hours                                 dataBANK0    00062
_HwInit                                text22       012DE
_INTCONbits                            (abs)        0000B
_IOCBFbits                             (abs)        00396
_IOCBNbits                             (abs)        00395
_InitADC                               text26       00800
_InitApp                               text25       01542
_InitTimer1                            text24       0120D
_LARGEnum                              stringtext   00402
_LATAbits                              (abs)        0010C
_LATB1                                 (abs)        00869
_LATB5                                 (abs)        0086D
_LATBbits                              (abs)        0010D
_LATCbits                              (abs)        0010E
_LCDCharacter                          text20       007A1
_LCDClear                              text31       01364
_LCDInit                               text23       01589
_LCDString                             text19       01290
_LCDWrite                              text33       013E7
_Minutes                               dataBANK0    00063
_Month                                 dataBANK0    00064
_OPA1CONbits                           (abs)        00511
_OPTION_REG                            (abs)        00095
_OPTION_REGbits                        (abs)        00095
_OSCCON                                (abs)        00099
_PIE1bits                              (abs)        00091
_PIR1bits                              (abs)        00011
_PORTB                                 (abs)        0000D
_RD                                    (abs)        00CA8
_ReadSavedGlucoReading                 text17       01701
_RedingCount                           bssCOMMON    00077
_SW1_pressed                           text12       01255
_SW3_pressed                           text11       01268
_SaveGlucoReading                      text15       01628
_Seconds                               bssBANK1     000C2
_SenseTestStrip                        text13       00CAE
_SetTime                               text4        00542
_T1CONbits                             (abs)        00018
_TMR1H                                 (abs)        00017
_TRISA                                 (abs)        0008C
_TRISAbits                             (abs)        0008C
_TRISB                                 (abs)        0008D
_TRISBbits                             (abs)        0008D
_TRISC                                 (abs)        0008E
_TRISCbits                             (abs)        0008E
_VREGCONbits                           (abs)        00197
_WR                                    (abs)        00CA9
_WREN                                  (abs)        00CAA
_Year                                  dataBANK0    00065
__CFG_BOREN$OFF                        (abs)        00000
__CFG_BORV$LO                          (abs)        00000
__CFG_CLKOUTEN$OFF                     (abs)        00000
__CFG_CP$OFF                           (abs)        00000
__CFG_CPD$OFF                          (abs)        00000
__CFG_FCMEN$OFF                        (abs)        00000
__CFG_FOSC$INTOSC                      (abs)        00000
__CFG_IESO$OFF                         (abs)        00000
__CFG_LPBOR$OFF                        (abs)        00000
__CFG_LVP$OFF                          (abs)        00000
__CFG_MCLRE$ON                         (abs)        00000
__CFG_PLLEN$OFF                        (abs)        00000
__CFG_PWRTE$OFF                        (abs)        00000
__CFG_STVREN$ON                        (abs)        00000
__CFG_WDTE$OFF                         (abs)        00000
__CFG_WRT$OFF                          (abs)        00000
__Habs1                                abs1         00000
__Hbank0                               bank0        00000
__Hbank1                               bank1        00000
__Hbank10                              bank10       00000
__Hbank11                              bank11       00000
__Hbank12                              bank12       00000
__Hbank13                              bank13       00000
__Hbank14                              bank14       00000
__Hbank15                              bank15       00000
__Hbank16                              bank16       00000
__Hbank17                              bank17       00000
__Hbank18                              bank18       00000
__Hbank19                              bank19       00000
__Hbank2                               bank2        00000
__Hbank20                              bank20       00000
__Hbank21                              bank21       00000
__Hbank22                              bank22       00000
__Hbank23                              bank23       00000
__Hbank24                              bank24       00000
__Hbank25                              bank25       00000
__Hbank26                              bank26       00000
__Hbank27                              bank27       00000
__Hbank28                              bank28       00000
__Hbank29                              bank29       00000
__Hbank3                               bank3        00000
__Hbank30                              bank30       00000
__Hbank31                              bank31       00000
__Hbank4                               bank4        00000
__Hbank5                               bank5        00000
__Hbank6                               bank6        00000
__Hbank7                               bank7        00000
__Hbank8                               bank8        00000
__Hbank9                               bank9        00000
__Hbigram                              bigram       00000
__HbssBANK0                            bssBANK0     00000
__HbssBANK1                            bssBANK1     00000
__HbssCOMMON                           bssCOMMON    00000
__Hcinit                               cinit        00222
__Hclrtext                             clrtext      00000
__Hcode                                code         00000
__Hcommon                              common       00000
__Hconfig                              config       08009
__HcstackBANK0                         cstackBANK0  00000
__HcstackBANK1                         cstackBANK1  00000
__HcstackBANK2                         cstackBANK2  00000
__HcstackCOMMON                        cstackCOMMON 00000
__HdataBANK0                           dataBANK0    00000
__HdataBANK1                           dataBANK1    00000
__HdataCOMMON                          dataCOMMON   00000
__Heeprom_data                         eeprom_data  00000
__Hend_init                            end_init     001DD
__Hfunctab                             functab      00000
__HidataBANK0                          idataBANK0   00000
__HidataBANK1                          idataBANK1   00000
__HidataCOMMON                         idataCOMMON  00000
__Hidloc                               idloc        00000
__Hinit                                init         001DB
__Hinittext                            inittext     00000
__Hintentry                            intentry     001DB
__Hmaintext                            maintext     00000
__Hpowerup                             powerup      00000
__Hram                                 ram          00000
__Hreset_vec                           reset_vec    00003
__Hsfr0                                sfr0         00000
__Hsfr1                                sfr1         00000
__Hsfr10                               sfr10        00000
__Hsfr11                               sfr11        00000
__Hsfr12                               sfr12        00000
__Hsfr13                               sfr13        00000
__Hsfr14                               sfr14        00000
__Hsfr15                               sfr15        00000
__Hsfr16                               sfr16        00000
__Hsfr17                               sfr17        00000
__Hsfr18                               sfr18        00000
__Hsfr19                               sfr19        00000
__Hsfr2                                sfr2         00000
__Hsfr20                               sfr20        00000
__Hsfr21                               sfr21        00000
__Hsfr22                               sfr22        00000
__Hsfr23                               sfr23        00000
__Hsfr24                               sfr24        00000
__Hsfr25                               sfr25        00000
__Hsfr26                               sfr26        00000
__Hsfr27                               sfr27        00000
__Hsfr28                               sfr28        00000
__Hsfr29                               sfr29        00000
__Hsfr3                                sfr3         00000
__Hsfr30                               sfr30        00000
__Hsfr31                               sfr31        00000
__Hsfr4                                sfr4         00000
__Hsfr5                                sfr5         00000
__Hsfr6                                sfr6         00000
__Hsfr7                                sfr7         00000
__Hsfr8                                sfr8         00000
__Hsfr9                                sfr9         00000
__Hspace_0                             (abs)        08009
__Hspace_1                             (abs)        00133
__Hspace_2                             (abs)        00000
__Hspace_3                             (abs)        00000
__Hstack                               stack        00000
__Hstrings                             strings      00000
__Hstringtext                          stringtext   00000
__Htext                                text         00000
__Labs1                                abs1         00000
__Lbank0                               bank0        00000
__Lbank1                               bank1        00000
__Lbank10                              bank10       00000
__Lbank11                              bank11       00000
__Lbank12                              bank12       00000
__Lbank13                              bank13       00000
__Lbank14                              bank14       00000
__Lbank15                              bank15       00000
__Lbank16                              bank16       00000
__Lbank17                              bank17       00000
__Lbank18                              bank18       00000
__Lbank19                              bank19       00000
__Lbank2                               bank2        00000
__Lbank20                              bank20       00000
__Lbank21                              bank21       00000
__Lbank22                              bank22       00000
__Lbank23                              bank23       00000
__Lbank24                              bank24       00000
__Lbank25                              bank25       00000
__Lbank26                              bank26       00000
__Lbank27                              bank27       00000
__Lbank28                              bank28       00000
__Lbank29                              bank29       00000
__Lbank3                               bank3        00000
__Lbank30                              bank30       00000
__Lbank31                              bank31       00000
__Lbank4                               bank4        00000
__Lbank5                               bank5        00000
__Lbank6                               bank6        00000
__Lbank7                               bank7        00000
__Lbank8                               bank8        00000
__Lbank9                               bank9        00000
__Lbigram                              bigram       00000
__LbssBANK0                            bssBANK0     00000
__LbssBANK1                            bssBANK1     00000
__LbssCOMMON                           bssCOMMON    00000
__Lcinit                               cinit        001DD
__Lclrtext                             clrtext      00000
__Lcode                                code         00000
__Lcommon                              common       00000
__Lconfig                              config       08007
__LcstackBANK0                         cstackBANK0  00000
__LcstackBANK1                         cstackBANK1  00000
__LcstackBANK2                         cstackBANK2  00000
__LcstackCOMMON                        cstackCOMMON 00000
__LdataBANK0                           dataBANK0    00000
__LdataBANK1                           dataBANK1    00000
__LdataCOMMON                          dataCOMMON   00000
__Leeprom_data                         eeprom_data  00000
__Lend_init                            end_init     001DB
__Lfunctab                             functab      00000
__LidataBANK0                          idataBANK0   00000
__LidataBANK1                          idataBANK1   00000
__LidataCOMMON                         idataCOMMON  00000
__Lidloc                               idloc        00000
__Linit                                init         001DB
__Linittext                            inittext     00000
__Lintentry                            intentry     00004
__Lmaintext                            maintext     00000
__Lpowerup                             powerup      00000
__Lram                                 ram          00000
__Lreset_vec                           reset_vec    00000
__Lsfr0                                sfr0         00000
__Lsfr1                                sfr1         00000
__Lsfr10                               sfr10        00000
__Lsfr11                               sfr11        00000
__Lsfr12                               sfr12        00000
__Lsfr13                               sfr13        00000
__Lsfr14                               sfr14        00000
__Lsfr15                               sfr15        00000
__Lsfr16                               sfr16        00000
__Lsfr17                               sfr17        00000
__Lsfr18                               sfr18        00000
__Lsfr19                               sfr19        00000
__Lsfr2                                sfr2         00000
__Lsfr20                               sfr20        00000
__Lsfr21                               sfr21        00000
__Lsfr22                               sfr22        00000
__Lsfr23                               sfr23        00000
__Lsfr24                               sfr24        00000
__Lsfr25                               sfr25        00000
__Lsfr26                               sfr26        00000
__Lsfr27                               sfr27        00000
__Lsfr28                               sfr28        00000
__Lsfr29                               sfr29        00000
__Lsfr3                                sfr3         00000
__Lsfr30                               sfr30        00000
__Lsfr31                               sfr31        00000
__Lsfr4                                sfr4         00000
__Lsfr5                                sfr5         00000
__Lsfr6                                sfr6         00000
__Lsfr7                                sfr7         00000
__Lsfr8                                sfr8         00000
__Lsfr9                                sfr9         00000
__Lspace_0                             (abs)        00000
__Lspace_1                             (abs)        00000
__Lspace_2                             (abs)        00000
__Lspace_3                             (abs)        00000
__Lstack                               stack        00000
__Lstrings                             strings      00000
__Lstringtext                          stringtext   00000
__Ltext                                text         00000
__S0                                   (abs)        08009
__S1                                   (abs)        00133
__S2                                   (abs)        00000
__S3                                   (abs)        00000
___awdiv                               text30       015D6
___awdiv@counter                       cstackBANK0  0002E
___awdiv@dividend                      cstackBANK0  0002B
___awdiv@divisor                       cstackBANK0  00029
___awdiv@quotient                      cstackBANK0  00030
___awdiv@sign                          cstackBANK0  0002F
___awtoft                              text39       0131D
___awtoft@c                            cstackBANK0  00032
___awtoft@sign                         cstackBANK0  00037
___bmul                                text10       01243
___bmul@multiplicand                   cstackBANK0  00029
___bmul@multiplier                     cstackBANK0  0002C
___bmul@product                        cstackBANK0  0002B
___ftadd                               text38       00A5D
___ftadd@exp1                          cstackBANK0  00048
___ftadd@exp2                          cstackBANK0  00047
___ftadd@f1                            cstackBANK0  0003C
___ftadd@f2                            cstackBANK0  0003F
___ftadd@sign                          cstackBANK0  00046
___ftdiv                               text3        00900
___ftdiv@cntr                          cstackBANK0  0003B
___ftdiv@exp                           cstackBANK0  0003F
___ftdiv@f1                            cstackBANK0  00034
___ftdiv@f2                            cstackBANK0  00031
___ftdiv@f3                            cstackBANK0  0003C
___ftdiv@sign                          cstackBANK0  00040
___ftge                                text37       0147E
___ftge@ff1                            cstackBANK0  00029
___ftge@ff2                            cstackBANK0  0002C
___ftmul                               text36       009A9
___ftmul@cntr                          cstackBANK0  00057
___ftmul@exp                           cstackBANK0  00053
___ftmul@f1                            cstackBANK0  00049
___ftmul@f2                            cstackBANK0  0004C
___ftmul@f3_as_product                 cstackBANK0  00054
___ftmul@sign                          cstackBANK0  00058
___ftneg                               text2        01204
___ftneg@f1                            cstackBANK0  00039
___ftpack                              text40       00808
___ftpack@arg                          cstackBANK0  00029
___ftpack@exp                          cstackBANK0  0002C
___ftpack@sign                         cstackBANK0  0002D
___fttol                               text29       01779
___fttol@exp1                          cstackBANK0  00036
___fttol@f1                            cstackBANK0  00029
___fttol@lval                          cstackBANK0  00032
___fttol@sign1                         cstackBANK0  00031
___int_sp                              stack        00000
___latbits                             (abs)        00002
___lbtoft                              text1        012A7
___lbtoft@c                            cstackBANK0  00038
___lwdiv                               text9        01449
___lwdiv@counter                       cstackBANK0  0002E
___lwdiv@dividend                      cstackBANK0  0002B
___lwdiv@divisor                       cstackBANK0  00029
___lwdiv@quotient                      cstackBANK0  0002F
___lwmod                               text8        013BA
___lwmod@counter                       cstackBANK0  00036
___lwmod@dividend                      cstackBANK0  00033
___lwmod@divisor                       cstackBANK0  00031
___sp                                  stack        00000
___wmul                                text21       012C2
___wmul@multiplicand                   cstackBANK0  0002B
___wmul@multiplier                     cstackBANK0  00029
___wmul@product                        cstackBANK0  0002D
__end_of_ASCII                         stringtext   00402
__end_of_CalcGlucose                   text35       00900
__end_of_ConfigureOscillator           text27       011FE
__end_of_Delay_1_Second                text34       014FC
__end_of_DisplaySavedGlucoReading      text28       01701
__end_of_EnterDeepSleep                text14       01449
__end_of_HwInit                        text22       012FC
__end_of_InitADC                       text26       00808
__end_of_InitApp                       text25       01589
__end_of_InitTimer1                    text24       01218
__end_of_LARGEnum                      stringtext   00506
__end_of_LCDCharacter                  text20       007F4
__end_of_LCDClear                      text31       0138E
__end_of_LCDInit                       text23       015D6
__end_of_LCDString                     text19       012A7
__end_of_LCDWrite                      text33       01416
__end_of_ReadSavedGlucoReading         text17       01779
__end_of_SW1_pressed                   text12       01268
__end_of_SW3_pressed                   text11       0127B
__end_of_SaveGlucoReading              text15       0168C
__end_of_SenseTestStrip                text13       00E0C
__end_of_SetTime                       text4        007A1
__end_of___awdiv                       text30       01628
__end_of___awtoft                      text39       0133F
__end_of___bmul                        text10       01255
__end_of___ftadd                       text38       00B53
__end_of___ftdiv                       text3        009A9
__end_of___ftge                        text37       014BA
__end_of___ftmul                       text36       00A5D
__end_of___ftneg                       text2        0120D
__end_of___ftpack                      text40       0086D
__end_of___fttol                       text29       01800
__end_of___lbtoft                      text1        012C2
__end_of___lwdiv                       text9        0147E
__end_of___lwmod                       text8        013E7
__end_of___wmul                        text21       012DE
__end_of__initialization               cinit        0021E
__end_of_dpowers                       stringtext   00510
__end_of_eeprom_read                   text18       0131D
__end_of_eeprom_write                  text16       013BA
__end_of_gotoXY                        text32       01290
__end_of_isdigit                       text7        01233
__end_of_isr                           intentry     001DB
__end_of_main                          maintext     01000
__end_of_printf                        text5        00CAE
__end_of_putch                         text6        011FA
__end_ofi1_LCDInit                     text42       01542
__end_ofi1_LCDWrite                    text43       01364
__initialization                       cinit        001DD
__pbssBANK0                            bssBANK0     0005B
__pbssBANK1                            bssBANK1     000A0
__pbssBIGRAM                           (abs)        022C4
__pbssCOMMON                           bssCOMMON    00077
__pcstackBANK0                         cstackBANK0  00020
__pcstackBANK1                         cstackBANK1  000E0
__pcstackBANK2                         cstackBANK2  00120
__pcstackCOMMON                        cstackCOMMON 00070
__pdataBANK0                           dataBANK0    00061
__pdataBANK1                           dataBANK1    000D0
__pdataCOMMON                          dataCOMMON   0007D
__pidataBANK0                          idataBANK0   011FE
__pidataBANK1                          idataBANK1   01233
__pidataCOMMON                         idataCOMMON  00003
__pintentry                            intentry     00004
__pmaintext                            maintext     00E0C
__pstringtext                          stringtext   00222
__pswtext1                             swtext1      01000
__pswtext2                             swtext2      01014
__ptext1                               text1        012A7
__ptext10                              text10       01243
__ptext11                              text11       01268
__ptext12                              text12       01255
__ptext13                              text13       00CAE
__ptext14                              text14       01416
__ptext15                              text15       01628
__ptext16                              text16       0138E
__ptext17                              text17       01701
__ptext18                              text18       012FC
__ptext19                              text19       01290
__ptext2                               text2        01204
__ptext20                              text20       007A1
__ptext21                              text21       012C2
__ptext22                              text22       012DE
__ptext23                              text23       01589
__ptext24                              text24       0120D
__ptext25                              text25       01542
__ptext26                              text26       00800
__ptext27                              text27       011FA
__ptext28                              text28       0168C
__ptext29                              text29       01779
__ptext3                               text3        00900
__ptext30                              text30       015D6
__ptext31                              text31       01364
__ptext32                              text32       0127B
__ptext33                              text33       013E7
__ptext34                              text34       014BA
__ptext35                              text35       0086D
__ptext36                              text36       009A9
__ptext37                              text37       0147E
__ptext38                              text38       00A5D
__ptext39                              text39       0131D
__ptext4                               text4        00542
__ptext40                              text40       00808
__ptext42                              text42       014FC
__ptext43                              text43       0133F
__ptext5                               text5        00B53
__ptext6                               text6        011F9
__ptext7                               text7        01224
__ptext8                               text8        013BA
__ptext9                               text9        01449
__size_of_CalcGlucose                  (abs)        00000
__size_of_ConfigureOscillator          (abs)        00000
__size_of_Delay_1_Second               (abs)        00000
__size_of_DisplaySavedGlucoReading     (abs)        00000
__size_of_EnterDeepSleep               (abs)        00000
__size_of_HwInit                       (abs)        00000
__size_of_InitADC                      (abs)        00000
__size_of_InitApp                      (abs)        00000
__size_of_InitTimer1                   (abs)        00000
__size_of_LCDCharacter                 (abs)        00000
__size_of_LCDClear                     (abs)        00000
__size_of_LCDInit                      (abs)        00000
__size_of_LCDString                    (abs)        00000
__size_of_LCDWrite                     (abs)        00000
__size_of_ReadSavedGlucoReading        (abs)        00000
__size_of_SW1_pressed                  (abs)        00000
__size_of_SW3_pressed                  (abs)        00000
__size_of_SaveGlucoReading             (abs)        00000
__size_of_SenseTestStrip               (abs)        00000
__size_of_SetTime                      (abs)        00000
__size_of___awdiv                      (abs)        00000
__size_of___awtoft                     (abs)        00000
__size_of___bmul                       (abs)        00000
__size_of___ftadd                      (abs)        00000
__size_of___ftdiv                      (abs)        00000
__size_of___ftge                       (abs)        00000
__size_of___ftmul                      (abs)        00000
__size_of___ftneg                      (abs)        00000
__size_of___ftpack                     (abs)        00000
__size_of___fttol                      (abs)        00000
__size_of___lbtoft                     (abs)        00000
__size_of___lwdiv                      (abs)        00000
__size_of___lwmod                      (abs)        00000
__size_of___wmul                       (abs)        00000
__size_of_eeprom_read                  (abs)        00000
__size_of_eeprom_write                 (abs)        00000
__size_of_gotoXY                       (abs)        00000
__size_of_isdigit                      (abs)        00000
__size_of_isr                          (abs)        00000
__size_of_main                         (abs)        00000
__size_of_printf                       (abs)        00000
__size_of_putch                        (abs)        00000
__size_ofi1_LCDInit                    (abs)        00000
__size_ofi1_LCDWrite                   (abs)        00000
_dpowers                               stringtext   00506
_eeprom_read                           text18       012FC
_eeprom_write                          text16       0138E
_gAverageGlucose                       bssBANK1     000A0
_gBloodNotInsetrted                    bssCOMMON    00078
_gDaysRead                             bssBANK1     000C3
_gDisplayPreviousReading               bssBANK1     000C4
_gExitMemoryMode                       bssCOMMON    00079
_gGlucoseValue                         (abs)        022C4
_gHoursRead                            bssBANK1     000C5
_gMemorymode                           bssBANK0     0005C
_gMinutesRead                          bssBANK1     000C6
_gMonthRead                            bssBANK1     000C7
_gOneReadingDisplyed                   bssCOMMON    0007A
_gReadCount                            bssBANK1     000C8
_gReadData                             bssBANK1     000B4
_gSavedReadingCnt                      bssBANK0     0005D
_gSenseTestStrip                       bssBANK0     0005E
_gSetDateTime                          bssBANK1     000C9
_gSigmaGlucoseValue                    bssBANK1     000A4
_gSleepMode                            bssBANK0     0005F
_gStripIdleTime                        dataBANK1    000D0
_gStripInserted                        bssCOMMON    0007B
_gStripRemoved                         bssBANK0     00060
_gXadc                                 bssBANK1     000CD
_gY                                    bssBANK1     000AB
_gYearRead                             bssBANK1     000CA
_gYint                                 dataBANK1    000DC
_gYmmol                                bssBANK1     000AE
_gYmmolDecimalRead                     bssBANK1     000CB
_gYmmolRead                            bssBANK1     000CC
_gYmmolchar                            dataBANK0    00066
_gYmmoldecimal                         bssBANK1     000B1
_gYmmoldecimalchar                     dataCOMMON   0007D
_gcaptured2SValue                      bssBANK1     000BE
_gcountIdleTime                        dataBANK1    000D4
_gcounter                              dataBANK1    000DE
_gglucDataReady                        bssCOMMON    0007C
_gglucoseIndex                         bssBANK1     000C0
_gotoXY                                text32       0127B
_gtimeOutCount                         dataBANK1    000D8
_isdigit                               text7        01224
_isdigit$1429                          cstackBANK0  00029
_isr                                   intentry     00004
_main                                  maintext     00E0C
_printf                                text5        00B53
_putch                                 text6        011F9
btemp                                  (abs)        0007E
clear_ram0                             clrtext      007F4
eeprom_read@addr                       cstackBANK0  0002C
eeprom_write@addr                      cstackBANK0  0002C
eeprom_write@value                     cstackBANK0  00029
end_of_initialization                  cinit        0021E
gotoXY@x                               cstackBANK0  00036
gotoXY@y                               cstackBANK0  00034
i1LCDWrite@d                           cstackCOMMON 00073
i1LCDWrite@data                        cstackCOMMON 00070
i1LCDWrite@data_or_command             cstackCOMMON 00072
i1LCDWrite@i                           cstackCOMMON 00074
i1_LCDInit                             text42       014FC
i1_LCDWrite                            text43       0133F
init_ram                               inittext     01218
int$flags                              (abs)        0007E
intlevel0                              functab      00000
intlevel1                              functab      00000
intlevel2                              functab      00000
intlevel3                              functab      00000
intlevel4                              functab      00000
intlevel5                              functab      00000
isdigit@c                              cstackBANK0  0002A
ltemp                                  (abs)        0007E
ltemp0                                 (abs)        0007E
ltemp1                                 (abs)        00082
ltemp2                                 (abs)        00086
ltemp3                                 (abs)        00080
printf@ap                              cstackBANK0  0003F
printf@c                               cstackBANK0  00046
printf@f                               cstackBANK0  00037
printf@flag                            cstackBANK0  00043
printf@prec                            cstackBANK0  00040
printf@val                             cstackBANK0  00041
printf@width                           cstackBANK0  00044
reset_vec                              reset_vec    00000
stackhi                                (abs)        022C3
stacklo                                (abs)        020B3
start                                  init         001DB
start_initialization                   cinit        001DD
ttemp                                  (abs)        0007E
ttemp0                                 (abs)        0007E
ttemp1                                 (abs)        00081
ttemp2                                 (abs)        00084
ttemp3                                 (abs)        00087
ttemp4                                 (abs)        0007F
wtemp                                  (abs)        0007E
wtemp0                                 (abs)        0007E
wtemp1                                 (abs)        00080
wtemp2                                 (abs)        00082
wtemp3                                 (abs)        00084
wtemp4                                 (abs)        00086
wtemp5                                 (abs)        00088
wtemp6                                 (abs)        0007F


FUNCTION INFORMATION:

 *************** function _main *****************
 Defined at:
		line 107 in file "glucose_meter_main.c"
 Parameters:    Size  Location     Type
		None
 Auto vars:     Size  Location     Type
		None
 Return value:  Size  Location     Type
                  1    wreg      void 
 Registers used:
		wreg, fsr0l, fsr0h, fsr1l, fsr1h, status,2, status,0, pclath, cstack
 Tracked objects:
		On entry : 
		On exit  : 
		Unchanged: 
 Data sizes:     COMMON   BANK0   BANK1   BANK2   BANK3   BANK4   BANK5   BANK6   BANK7   BANK8   BANK9  BANK10  BANK11  BANK12
      Params:         0       0       0       0       0       0       0       0       0       0       0       0       0       0
      Locals:         0       0       0       0       0       0       0       0       0       0       0       0       0       0
      Temps:          0       0       4       0       0       0       0       0       0       0       0       0       0       0
      Totals:         0       0       4       0       0       0       0       0       0       0       0       0       0       0
Total ram usage:        4 bytes
 Hardware stack levels required when called:    7
 This function calls:
		_CalcGlucose
		_Delay_1_Second
		_DisplaySavedGlucoReading
		_EnterDeepSleep
		_HwInit
		_LCDClear
		_LCDInit
		_LCDString
		_ReadSavedGlucoReading
		_SaveGlucoReading
		_SenseTestStrip
		_SetTime
		___ftadd
		___ftdiv
		___ftmul
		___ftneg
		___fttol
		___lbtoft
		_gotoXY
 This function is called by:
		Startup code after reset
 This function uses a non-reentrant model


 *************** function ___lbtoft *****************
 Defined at:
		line 27 in file "C:\Program Files (x86)\Microchip\xc8\v1.37\sources\common\lbtoft.c"
 Parameters:    Size  Location     Type
  c               1    wreg     unsigned char 
 Auto vars:     Size  Location     Type
  c               1   24[BANK0 ] unsigned char 
 Return value:  Size  Location     Type
                  3   17[BANK0 ] float 
 Registers used:
		wreg, status,2, status,0, pclath, cstack
 Tracked objects:
		On entry : 
		On exit  : 
		Unchanged: 
 Data sizes:     COMMON   BANK0   BANK1   BANK2   BANK3   BANK4   BANK5   BANK6   BANK7   BANK8   BANK9  BANK10  BANK11  BANK12
      Params:         0       3       0       0       0       0       0       0       0       0       0       0       0       0
      Locals:         0       1       0       0       0       0       0       0       0       0       0       0       0       0
      Temps:          0       4       0       0       0       0       0       0       0       0       0       0       0       0
      Totals:         0       8       0       0       0       0       0       0       0       0       0       0       0       0
Total ram usage:        8 bytes
 Hardware stack levels used:    1
 Hardware stack levels required when called:    4
 This function calls:
		___ftpack
 This function is called by:
		_main
 This function uses a non-reentrant model


 *************** function ___ftneg *****************
 Defined at:
		line 15 in file "C:\Program Files (x86)\Microchip\xc8\v1.37\sources\common\ftneg.c"
 Parameters:    Size  Location     Type
  f1              3   25[BANK0 ] float 
 Auto vars:     Size  Location     Type
		None
 Return value:  Size  Location     Type
                  3   25[BANK0 ] float 
 Registers used:
		wreg
 Tracked objects:
		On entry : 
		On exit  : 
		Unchanged: 
 Data sizes:     COMMON   BANK0   BANK1   BANK2   BANK3   BANK4   BANK5   BANK6   BANK7   BANK8   BANK9  BANK10  BANK11  BANK12
      Params:         0       3       0       0       0       0       0       0       0       0       0       0       0       0
      Locals:         0       0       0       0       0       0       0       0       0       0       0       0       0       0
      Temps:          0       0       0       0       0       0       0       0       0       0       0       0       0       0
      Totals:         0       3       0       0       0       0       0       0       0       0       0       0       0       0
Total ram usage:        3 bytes
 Hardware stack levels used:    1
 Hardware stack levels required when called:    3
 This function calls:
		Nothing
 This function is called by:
		_main
 This function uses a non-reentrant model


 *************** function ___ftdiv *****************
 Defined at:
		line 56 in file "C:\Program Files (x86)\Microchip\xc8\v1.37\sources\common\ftdiv.c"
 Parameters:    Size  Location     Type
  f2              3   17[BANK0 ] float 
  f1              3   20[BANK0 ] float 
 Auto vars:     Size  Location     Type
  f3              3   28[BANK0 ] float 
  sign            1   32[BANK0 ] unsigned char 
  exp             1   31[BANK0 ] unsigned char 
  cntr            1   27[BANK0 ] unsigned char 
 Return value:  Size  Location     Type
                  3   17[BANK0 ] float 
 Registers used:
		wreg, status,2, status,0, pclath, cstack
 Tracked objects:
		On entry : 
		On exit  : 
		Unchanged: 
 Data sizes:     COMMON   BANK0   BANK1   BANK2   BANK3   BANK4   BANK5   BANK6   BANK7   BANK8   BANK9  BANK10  BANK11  BANK12
      Params:         0       6       0       0       0       0       0       0       0       0       0       0       0       0
      Locals:         0       6       0       0       0       0       0       0       0       0       0       0       0       0
      Temps:          0       4       0       0       0       0       0       0       0       0       0       0       0       0
      Totals:         0      16       0       0       0       0       0       0       0       0       0       0       0       0
Total ram usage:       16 bytes
 Hardware stack levels used:    1
 Hardware stack levels required when called:    4
 This function calls:
		___ftpack
 This function is called by:
		_main
 This function uses a non-reentrant model


 *************** function _SetTime *****************
 Defined at:
		line 234 in file "user.c"
 Parameters:    Size  Location     Type
		None
 Auto vars:     Size  Location     Type
  sw1_count       1   18[BANK2 ] unsigned char 
  confirm_coun    1   17[BANK2 ] unsigned char 
  min_1           1   16[BANK2 ] unsigned char 
  hour_1          1   15[BANK2 ] unsigned char 
  day_1           1   14[BANK2 ] unsigned char 
  month_1         1   13[BANK2 ] unsigned char 
  year_1          1   12[BANK2 ] unsigned char 
  min_2           1   11[BANK2 ] unsigned char 
  hour_2          1   10[BANK2 ] unsigned char 
  day_2           1    9[BANK2 ] unsigned char 
  month_2         1    8[BANK2 ] unsigned char 
  year_2          1    7[BANK2 ] unsigned char 
  set_time_dat    1    6[BANK2 ] unsigned char 
  pre_confirm_    1    5[BANK2 ] unsigned char 
  tMin            1    4[BANK2 ] unsigned char 
  tHour           1    3[BANK2 ] unsigned char 
  tYear           1    2[BANK2 ] unsigned char 
  tDay            1    1[BANK2 ] unsigned char 
  tMonth          1    0[BANK2 ] unsigned char 
 Return value:  Size  Location     Type
                  1    wreg      void 
 Registers used:
		wreg, fsr0l, fsr0h, fsr1l, fsr1h, status,2, status,0, pclath, cstack
 Tracked objects:
		On entry : 
		On exit  : 
		Unchanged: 
 Data sizes:     COMMON   BANK0   BANK1   BANK2   BANK3   BANK4   BANK5   BANK6   BANK7   BANK8   BANK9  BANK10  BANK11  BANK12
      Params:         0       0       0       0       0       0       0       0       0       0       0       0       0       0
      Locals:         0       0       0      19       0       0       0       0       0       0       0       0       0       0
      Temps:          0       3       0       0       0       0       0       0       0       0       0       0       0       0
      Totals:         0       3       0      19       0       0       0       0       0       0       0       0       0       0
Total ram usage:       22 bytes
 Hardware stack levels used:    1
 Hardware stack levels required when called:    6
 This function calls:
		_LCDClear
		_LCDInit
		_SW1_pressed
		_SW3_pressed
		___bmul
		_gotoXY
		_printf
 This function is called by:
		_main
 This function uses a non-reentrant model


 *************** function _printf *****************
 Defined at:
		line 464 in file "C:\Program Files (x86)\Microchip\xc8\v1.37\sources\common\doprnt.c"
 Parameters:    Size  Location     Type
  f               2   23[BANK0 ] PTR const unsigned char 
		 -> STR_1(15), 
 Auto vars:     Size  Location     Type
  tmpval          4    0        struct .
  width           2   36[BANK0 ] int 
  val             2   33[BANK0 ] unsigned int 
  cp              2    0        PTR const unsigned char 
  len             2    0        unsigned int 
  c               1   38[BANK0 ] char 
  flag            1   35[BANK0 ] unsigned char 
  prec            1   32[BANK0 ] char 
  ap              1   31[BANK0 ] PTR void [1]
		 -> ?_printf(2), 
 Return value:  Size  Location     Type
                  2   23[BANK0 ] int 
 Registers used:
		wreg, fsr0l, fsr0h, fsr1l, fsr1h, status,2, status,0, pclath, cstack
 Tracked objects:
		On entry : 
		On exit  : 
		Unchanged: 
 Data sizes:     COMMON   BANK0   BANK1   BANK2   BANK3   BANK4   BANK5   BANK6   BANK7   BANK8   BANK9  BANK10  BANK11  BANK12
      Params:         0       4       0       0       0       0       0       0       0       0       0       0       0       0
      Locals:         0       8       0       0       0       0       0       0       0       0       0       0       0       0
      Temps:          0       4       0       0       0       0       0       0       0       0       0       0       0       0
      Totals:         0      16       0       0       0       0       0       0       0       0       0       0       0       0
Total ram usage:       16 bytes
 Hardware stack levels used:    1
 Hardware stack levels required when called:    4
 This function calls:
		___lwdiv
		___lwmod
		___wmul
		_isdigit
		_putch
 This function is called by:
		_SetTime
 This function uses a non-reentrant model


 *************** function _putch *****************
 Defined at:
		line 7 in file "C:\Program Files (x86)\Microchip\xc8\v1.37\sources\common\putch.c"
 Parameters:    Size  Location     Type
  c               1    wreg     unsigned char 
 Auto vars:     Size  Location     Type
  c               1    0[COMMON] unsigned char 
 Return value:  Size  Location     Type
                  1    wreg      void 
 Registers used:
		wreg
 Tracked objects:
		On entry : 
		On exit  : 
		Unchanged: 
 Data sizes:     COMMON   BANK0   BANK1   BANK2   BANK3   BANK4   BANK5   BANK6   BANK7   BANK8   BANK9  BANK10  BANK11  BANK12
      Params:         0       0       0       0       0       0       0       0       0       0       0       0       0       0
      Locals:         0       0       0       0       0       0       0       0       0       0       0       0       0       0
      Temps:          0       0       0       0       0       0       0       0       0       0       0       0       0       0
      Totals:         0       0       0       0       0       0       0       0       0       0       0       0       0       0
Total ram usage:        0 bytes
 Hardware stack levels used:    1
 Hardware stack levels required when called:    3
 This function calls:
		Nothing
 This function is called by:
		_printf
 This function uses a non-reentrant model


 *************** function _isdigit *****************
 Defined at:
		line 8 in file "C:\Program Files (x86)\Microchip\xc8\v1.37\sources\common\isdigit.c"
 Parameters:    Size  Location     Type
  c               1    wreg     unsigned char 
 Auto vars:     Size  Location     Type
  c               1   10[BANK0 ] unsigned char 
 Return value:  Size  Location     Type
		None               void
 Registers used:
		wreg, status,2, status,0
 Tracked objects:
		On entry : 
		On exit  : 
		Unchanged: 
 Data sizes:     COMMON   BANK0   BANK1   BANK2   BANK3   BANK4   BANK5   BANK6   BANK7   BANK8   BANK9  BANK10  BANK11  BANK12
      Params:         0       0       0       0       0       0       0       0       0       0       0       0       0       0
      Locals:         0       2       0       0       0       0       0       0       0       0       0       0       0       0
      Temps:          0       0       0       0       0       0       0       0       0       0       0       0       0       0
      Totals:         0       2       0       0       0       0       0       0       0       0       0       0       0       0
Total ram usage:        2 bytes
 Hardware stack levels used:    1
 Hardware stack levels required when called:    3
 This function calls:
		Nothing
 This function is called by:
		_printf
 This function uses a non-reentrant model


[...]


 *************** function _Delay_1_Second *****************
 Defined at:
		line 534 in file "user.c"
 Parameters:    Size  Location     Type
		None
 Auto vars:     Size  Location     Type
		None
 Return value:  Size  Location     Type
                  1    wreg      void 
 Registers used:
		wreg
 Tracked objects:
		On entry : 
		On exit  : 
		Unchanged: 
 Data sizes:     COMMON   BANK0   BANK1   BANK2   BANK3   BANK4   BANK5   BANK6   BANK7   BANK8   BANK9  BANK10  BANK11  BANK12
      Params:         0       0       0       0       0       0       0       0       0       0       0       0       0       0
      Locals:         0       0       0       0       0       0       0       0       0       0       0       0       0       0
      Temps:          0       3       0       0       0       0       0       0       0       0       0       0       0       0
      Totals:         0       3       0       0       0       0       0       0       0       0       0       0       0       0
Total ram usage:        3 bytes
 Hardware stack levels used:    1
 Hardware stack levels required when called:    3
 This function calls:
		Nothing
 This function is called by:
		_main
 This function uses a non-reentrant model


 *************** function _CalcGlucose *****************
 Defined at:
		line 385 in file "glucose_meter_main.c"
 Parameters:    Size  Location     Type
		None
 Auto vars:     Size  Location     Type
		None
 Return value:  Size  Location     Type
                  1    wreg      void 
 Registers used:
		wreg, status,2, status,0, pclath, cstack
 Tracked objects:
		On entry : 
		On exit  : 
		Unchanged: 
 Data sizes:     COMMON   BANK0   BANK1   BANK2   BANK3   BANK4   BANK5   BANK6   BANK7   BANK8   BANK9  BANK10  BANK11  BANK12
      Params:         0       0       0       0       0       0       0       0       0       0       0       0       0       0
      Locals:         0       0       0       0       0       0       0       0       0       0       0       0       0       0
      Temps:          0       0       0       0       0       0       0       0       0       0       0       0       0       0
      Totals:         0       0       0       0       0       0       0       0       0       0       0       0       0       0
Total ram usage:        0 bytes
 Hardware stack levels used:    1
 Hardware stack levels required when called:    5
 This function calls:
		___awtoft
		___ftadd
		___ftge
		___ftmul
 This function is called by:
		_main
 This function uses a non-reentrant model


 *************** function ___ftmul *****************
 Defined at:
		line 62 in file "C:\Program Files (x86)\Microchip\xc8\v1.37\sources\common\ftmul.c"
 Parameters:    Size  Location     Type
  f1              3   41[BANK0 ] float 
  f2              3   44[BANK0 ] float 
 Auto vars:     Size  Location     Type
  f3_as_produc    3   52[BANK0 ] unsigned um
  sign            1   56[BANK0 ] unsigned char 
  cntr            1   55[BANK0 ] unsigned char 
  exp             1   51[BANK0 ] unsigned char 
 Return value:  Size  Location     Type
                  3   41[BANK0 ] float 
 Registers used:
		wreg, status,2, status,0, pclath, cstack
 Tracked objects:
		On entry : 
		On exit  : 
		Unchanged: 
 Data sizes:     COMMON   BANK0   BANK1   BANK2   BANK3   BANK4   BANK5   BANK6   BANK7   BANK8   BANK9  BANK10  BANK11  BANK12
      Params:         0       6       0       0       0       0       0       0       0       0       0       0       0       0
      Locals:         0       6       0       0       0       0       0       0       0       0       0       0       0       0
      Temps:          0       4       0       0       0       0       0       0       0       0       0       0       0       0
      Totals:         0      16       0       0       0       0       0       0       0       0       0       0       0       0
Total ram usage:       16 bytes
 Hardware stack levels used:    1
 Hardware stack levels required when called:    4
 This function calls:
		___ftpack
 This function is called by:
		_DisplaySavedGlucoReading
		_main
		_CalcGlucose
 This function uses a non-reentrant model


 *************** function ___ftge *****************
 Defined at:
		line 4 in file "C:\Program Files (x86)\Microchip\xc8\v1.37\sources\common\ftge.c"
 Parameters:    Size  Location     Type
  ff1             3    9[BANK0 ] float 
  ff2             3   12[BANK0 ] float 
 Auto vars:     Size  Location     Type
		None
 Return value:  Size  Location     Type
		None               void
 Registers used:
		wreg, status,2, status,0
 Tracked objects:
		On entry : 
		On exit  : 
		Unchanged: 
 Data sizes:     COMMON   BANK0   BANK1   BANK2   BANK3   BANK4   BANK5   BANK6   BANK7   BANK8   BANK9  BANK10  BANK11  BANK12
      Params:         0       6       0       0       0       0       0       0       0       0       0       0       0       0
      Locals:         0       0       0       0       0       0       0       0       0       0       0       0       0       0
      Temps:          0       3       0       0       0       0       0       0       0       0       0       0       0       0
      Totals:         0       9       0       0       0       0       0       0       0       0       0       0       0       0
Total ram usage:        9 bytes
 Hardware stack levels used:    1
 Hardware stack levels required when called:    3
 This function calls:
		Nothing
 This function is called by:
		_CalcGlucose
 This function uses a non-reentrant model


 *************** function ___ftadd *****************
 Defined at:
		line 86 in file "C:\Program Files (x86)\Microchip\xc8\v1.37\sources\common\ftadd.c"
 Parameters:    Size  Location     Type
  f1              3   28[BANK0 ] float 
  f2              3   31[BANK0 ] float 
 Auto vars:     Size  Location     Type
  exp1            1   40[BANK0 ] unsigned char 
  exp2            1   39[BANK0 ] unsigned char 
  sign            1   38[BANK0 ] unsigned char 
 Return value:  Size  Location     Type
                  3   28[BANK0 ] float 
 Registers used:
		wreg, status,2, status,0, pclath, cstack
 Tracked objects:
		On entry : 
		On exit  : 
		Unchanged: 
 Data sizes:     COMMON   BANK0   BANK1   BANK2   BANK3   BANK4   BANK5   BANK6   BANK7   BANK8   BANK9  BANK10  BANK11  BANK12
      Params:         0       6       0       0       0       0       0       0       0       0       0       0       0       0
      Locals:         0       3       0       0       0       0       0       0       0       0       0       0       0       0
      Temps:          0       4       0       0       0       0       0       0       0       0       0       0       0       0
      Totals:         0      13       0       0       0       0       0       0       0       0       0       0       0       0
Total ram usage:       13 bytes
 Hardware stack levels used:    1
 Hardware stack levels required when called:    4
 This function calls:
		___ftpack
 This function is called by:
		_main
		_CalcGlucose
 This function uses a non-reentrant model


 *************** function ___awtoft *****************
 Defined at:
		line 32 in file "C:\Program Files (x86)\Microchip\xc8\v1.37\sources\common\awtoft.c"
 Parameters:    Size  Location     Type
  c               2   18[BANK0 ] int 
 Auto vars:     Size  Location     Type
  sign            1   23[BANK0 ] unsigned char 
 Return value:  Size  Location     Type
                  3   18[BANK0 ] float 
 Registers used:
		wreg, status,2, status,0, pclath, cstack
 Tracked objects:
		On entry : 
		On exit  : 
		Unchanged: 
 Data sizes:     COMMON   BANK0   BANK1   BANK2   BANK3   BANK4   BANK5   BANK6   BANK7   BANK8   BANK9  BANK10  BANK11  BANK12
      Params:         0       3       0       0       0       0       0       0       0       0       0       0       0       0
      Locals:         0       1       0       0       0       0       0       0       0       0       0       0       0       0
      Temps:          0       2       0       0       0       0       0       0       0       0       0       0       0       0
      Totals:         0       6       0       0       0       0       0       0       0       0       0       0       0       0
Total ram usage:        6 bytes
 Hardware stack levels used:    1
 Hardware stack levels required when called:    4
 This function calls:
		___ftpack
 This function is called by:
		_DisplaySavedGlucoReading
		_CalcGlucose
 This function uses a non-reentrant model


 *************** function ___ftpack *****************
 Defined at:
		line 62 in file "C:\Program Files (x86)\Microchip\xc8\v1.37\sources\common\float.c"
 Parameters:    Size  Location     Type
  arg             3    9[BANK0 ] unsigned um
  exp             1   12[BANK0 ] unsigned char 
  sign            1   13[BANK0 ] unsigned char 
 Auto vars:     Size  Location     Type
		None
 Return value:  Size  Location     Type
                  3    9[BANK0 ] float 
 Registers used:
		wreg, status,2, status,0
 Tracked objects:
		On entry : 
		On exit  : 
		Unchanged: 
 Data sizes:     COMMON   BANK0   BANK1   BANK2   BANK3   BANK4   BANK5   BANK6   BANK7   BANK8   BANK9  BANK10  BANK11  BANK12
      Params:         0       5       0       0       0       0       0       0       0       0       0       0       0       0
      Locals:         0       0       0       0       0       0       0       0       0       0       0       0       0       0
      Temps:          0       3       0       0       0       0       0       0       0       0       0       0       0       0
      Totals:         0       8       0       0       0       0       0       0       0       0       0       0       0       0
Total ram usage:        8 bytes
 Hardware stack levels used:    1
 Hardware stack levels required when called:    3
 This function calls:
		Nothing
 This function is called by:
		___awtoft
		___ftadd
		___ftdiv
		___ftmul
		___lbtoft
 This function uses a non-reentrant model


 *************** function _isr *****************
 Defined at:
		line 475 in file "glucose_meter_main.c"
 Parameters:    Size  Location     Type
		None
 Auto vars:     Size  Location     Type
		None
 Return value:  Size  Location     Type
                  1    wreg      void 
 Registers used:
		wreg, status,2, status,0, pclath, cstack
 Tracked objects:
		On entry : 
		On exit  : 
		Unchanged: 
 Data sizes:     COMMON   BANK0   BANK1   BANK2   BANK3   BANK4   BANK5   BANK6   BANK7   BANK8   BANK9  BANK10  BANK11  BANK12
      Params:         0       0       0       0       0       0       0       0       0       0       0       0       0       0
      Locals:         0       0       0       0       0       0       0       0       0       0       0       0       0       0
      Temps:          0       9       0       0       0       0       0       0       0       0       0       0       0       0
      Totals:         0       9       0       0       0       0       0       0       0       0       0       0       0       0
Total ram usage:        9 bytes
 Hardware stack levels used:    1
 Hardware stack levels required when called:    2
 This function calls:
		i1_LCDInit
 This function is called by:
		Interrupt level 1
 This function uses a non-reentrant model


 *************** function i1_LCDInit *****************
 Defined at:
		line 234 in file "Nokia5110/Nokia.c"
 Parameters:    Size  Location     Type
		None
 Auto vars:     Size  Location     Type
		None
 Return value:  Size  Location     Type
                  1    wreg      void 
 Registers used:
		wreg, status,2, status,0, pclath, cstack
 Tracked objects:
		On entry : 
		On exit  : 
		Unchanged: 
 Data sizes:     COMMON   BANK0   BANK1   BANK2   BANK3   BANK4   BANK5   BANK6   BANK7   BANK8   BANK9  BANK10  BANK11  BANK12
      Params:         0       0       0       0       0       0       0       0       0       0       0       0       0       0
      Locals:         0       0       0       0       0       0       0       0       0       0       0       0       0       0
      Temps:          2       0       0       0       0       0       0       0       0       0       0       0       0       0
      Totals:         2       0       0       0       0       0       0       0       0       0       0       0       0       0
Total ram usage:        2 bytes
 Hardware stack levels used:    1
 Hardware stack levels required when called:    1
 This function calls:
		i1_LCDWrite
 This function is called by:
		_isr
 This function uses a non-reentrant model


 *************** function i1_LCDWrite *****************
 Defined at:
		line 263 in file "Nokia5110/Nokia.c"
 Parameters:    Size  Location     Type
  data_or_comm    1    wreg     unsigned char 
  data            1    0[COMMON] unsigned char 
 Auto vars:     Size  Location     Type
  data_or_comm    1    2[COMMON] unsigned char 
  LCDWrite        1    4[COMMON] unsigned char 
  LCDWrite        1    3[COMMON] unsigned char 
 Return value:  Size  Location     Type
                  1    wreg      void 
 Registers used:
		wreg, status,2, status,0
 Tracked objects:
		On entry : 
		On exit  : 
		Unchanged: 
 Data sizes:     COMMON   BANK0   BANK1   BANK2   BANK3   BANK4   BANK5   BANK6   BANK7   BANK8   BANK9  BANK10  BANK11  BANK12
      Params:         1       0       0       0       0       0       0       0       0       0       0       0       0       0
      Locals:         3       0       0       0       0       0       0       0       0       0       0       0       0       0
      Temps:          1       0       0       0       0       0       0       0       0       0       0       0       0       0
      Totals:         5       0       0       0       0       0       0       0       0       0       0       0       0       0
Total ram usage:        5 bytes
 Hardware stack levels used:    1
 This function calls:
		Nothing
 This function is called by:
		i1_LCDInit
 This function uses a non-reentrant model



MODULE INFORMATION

Module		Function		Class		Link	Load	Size
C:\Program Files (x86)\Microchip\xc8\v1.37\sources\common\ftdiv.c
		___ftdiv       		CODE           	0900	0000	170

C:\Program Files (x86)\Microchip\xc8\v1.37\sources\common\ftdiv.c estimated size: 170

C:\Program Files (x86)\Microchip\xc8\v1.37\sources\common\ftge.c
		___ftge        		CODE           	147E	0000	61

C:\Program Files (x86)\Microchip\xc8\v1.37\sources\common\ftge.c estimated size: 61

C:\Program Files (x86)\Microchip\xc8\v1.37\sources\common\doprnt.c
		_printf        		CODE           	0B53	0000	348

C:\Program Files (x86)\Microchip\xc8\v1.37\sources\common\doprnt.c estimated size: 348

C:\Program Files (x86)\Microchip\xc8\v1.37\sources\pic\eeread.c
		_eeprom_read   		CODE           	12FC	0000	34

C:\Program Files (x86)\Microchip\xc8\v1.37\sources\pic\eeread.c estimated size: 34

C:\Program Files (x86)\Microchip\xc8\v1.37\sources\common\fttol.c
		___fttol       		CODE           	1779	0000	136

C:\Program Files (x86)\Microchip\xc8\v1.37\sources\common\fttol.c estimated size: 136

C:\Program Files (x86)\Microchip\xc8\v1.37\sources\common\Umul16.c
		___wmul        		CODE           	12C2	0000	29

C:\Program Files (x86)\Microchip\xc8\v1.37\sources\common\Umul16.c estimated size: 29

C:\Program Files (x86)\Microchip\xc8\v1.37\sources\common\lwdiv.c
		___lwdiv       		CODE           	1449	0000	54

C:\Program Files (x86)\Microchip\xc8\v1.37\sources\common\lwdiv.c estimated size: 54

C:\Program Files (x86)\Microchip\xc8\v1.37\sources\common\awdiv.c
		___awdiv       		CODE           	15D6	0000	83

C:\Program Files (x86)\Microchip\xc8\v1.37\sources\common\awdiv.c estimated size: 83

C:\Program Files (x86)\Microchip\xc8\v1.37\sources\common\isdigit.c
		_isdigit       		CODE           	1224	0000	16

C:\Program Files (x86)\Microchip\xc8\v1.37\sources\common\isdigit.c estimated size: 16

C:\Program Files (x86)\Microchip\xc8\v1.37\sources\common\ftadd.c
		___ftadd       		CODE           	0A5D	0000	247

C:\Program Files (x86)\Microchip\xc8\v1.37\sources\common\ftadd.c estimated size: 247

Nokia5110/Nokia.c
		_LCDClear      		CODE           	1364	0000	43
		_LCDWrite      		CODE           	13E7	0000	48
		_LCDInit       		CODE           	1589	0000	78
		_LCDCharacter  		CODE           	07A1	0000	84
		_LCDString     		CODE           	1290	0000	24
		_gotoXY        		CODE           	127B	0000	22

Nokia5110/Nokia.c estimated size: 299

C:\Program Files (x86)\Microchip\xc8\v1.37\sources\common\Umul8.c
		___bmul        		CODE           	1243	0000	19

C:\Program Files (x86)\Microchip\xc8\v1.37\sources\common\Umul8.c estimated size: 19

C:\Program Files (x86)\Microchip\xc8\v1.37\sources\pic\eewrite.c
		_eeprom_write  		CODE           	138E	0000	45

C:\Program Files (x86)\Microchip\xc8\v1.37\sources\pic\eewrite.c estimated size: 45

EEPROM.c
		_DisplaySavedGlucoReading		CODE           	168C	0000	118
		_ReadSavedGlucoReading		CODE           	1701	0000	121
		_SaveGlucoReading		CODE           	1628	0000	101

EEPROM.c estimated size: 340

C:\Program Files (x86)\Microchip\xc8\v1.37\sources\common\ftneg.c
		___ftneg       		CODE           	1204	0000	10

C:\Program Files (x86)\Microchip\xc8\v1.37\sources\common\ftneg.c estimated size: 10

shared
		_LARGEnum      		STRCODE        	0402	0000	261
		i1_LCDInit     		CODE           	14FC	0000	71
		_dpowers       		STRCODE        	0506	0000	11
		_ASCII         		STRCODE        	0222	0000	481
		__initialization		CODE           	01DD	0000	66
		i1_LCDWrite    		CODE           	133F	0000	38

shared estimated size: 928

C:\Program Files (x86)\Microchip\xc8\v1.37\sources\common\awtoft.c
		___awtoft      		CODE           	131D	0000	35

C:\Program Files (x86)\Microchip\xc8\v1.37\sources\common\awtoft.c estimated size: 35

C:\Program Files (x86)\Microchip\xc8\v1.37\sources\common\lbtoft.c
		___lbtoft      		CODE           	12A7	0000	28

C:\Program Files (x86)\Microchip\xc8\v1.37\sources\common\lbtoft.c estimated size: 28

C:\Program Files (x86)\Microchip\xc8\v1.37\sources\common\putch.c
		_putch         		CODE           	11F9	0000	2

C:\Program Files (x86)\Microchip\xc8\v1.37\sources\common\putch.c estimated size: 2

user.c
		_SW1_pressed   		CODE           	1255	0000	20
		_SW3_pressed   		CODE           	1268	0000	20
		_InitTimer1    		CODE           	120D	0000	12
		_ConfigureOscillator		CODE           	11FA	0000	5
		_InitADC       		CODE           	0800	0000	9
		_SetTime       		CODE           	0542	0000	608
		_Delay_1_Second		CODE           	14BA	0000	67
		_InitApp       		CODE           	1542	0000	72
		_HwInit        		CODE           	12DE	0000	31

user.c estimated size: 844

C:\Program Files (x86)\Microchip\xc8\v1.37\sources\common\float.c
		___ftpack      		CODE           	0808	0000	102

C:\Program Files (x86)\Microchip\xc8\v1.37\sources\common\float.c estimated size: 102

C:\Program Files (x86)\Microchip\xc8\v1.37\sources\common\lwmod.c
		___lwmod       		CODE           	13BA	0000	46

C:\Program Files (x86)\Microchip\xc8\v1.37\sources\common\lwmod.c estimated size: 46

C:\Program Files (x86)\Microchip\xc8\v1.37\sources\common\ftmul.c
		___ftmul       		CODE           	09A9	0000	181

C:\Program Files (x86)\Microchip\xc8\v1.37\sources\common\ftmul.c estimated size: 181

glucose_meter_main.c
		_main          		CODE           	0E0C	0000	501
		_isr           		CODE           	0004	0000	472
		_EnterDeepSleep		CODE           	1416	0000	52
		_SenseTestStrip		CODE           	0CAE	0000	351
		_CalcGlucose   		CODE           	086D	0000	148

glucose_meter_main.c estimated size: 1524

