Microchip MPLAB XC8 Compiler V1.37 ()

Linker command line:

--edf=C:\Program Files (x86)\Microchip\xc8\v1.37\dat\en_msgs.txt -cs \
  -h+dist/default/production\glucose_meter2A.X.production.sym \
  --cmf=dist/default/production\glucose_meter2A.X.production.cmf -z \
  -Q16F1786 -oC:\Users\Tom\AppData\Local\Temp\s6ts.2 \
  -Mdist/default/production/glucose_meter2A.X.production.map -E1 -ver=XC8 \
  -ASTACK=020C9h-022c3h -pstack=STACK -ACODE=00h-07FFhx4 \
  -ASTRCODE=00h-01FFFh -ASTRING=00h-0FFhx32 -ACONST=00h-0FFhx32 \
  -AENTRY=00h-0FFhx32 -ACOMMON=070h-07Fh -ABANK0=020h-06Fh \
  -ABANK1=0A0h-0EFh -ABANK2=0120h-016Fh -ABANK3=01A0h-01EFh \
  -ABANK4=0220h-026Fh -ABANK5=02A0h-02EFh -ABANK6=0320h-036Fh \
  -ABANK7=03A0h-03EFh -ABANK8=0420h-046Fh -ABANK9=04A0h-04EFh \
  -ABANK10=0520h-056Fh -ABANK11=05A0h-05EFh -ABANK12=0620h-064Fh \
  -ABIGRAM=02000h-023EFh \
  -ARAM=020h-06Fh,0A0h-0EFh,0120h-016Fh,01A0h-01EFh,0220h-026Fh,02A0h-02EFh,0320h-036Fh,03A0h-03EFh,0420h-046Fh,04A0h-04EFh,0520h-056Fh,05A0h-05EFh,0620h-064Fh \
  -AABS1=020h-07Fh,0A0h-0EFh,0120h-016Fh,01A0h-01EFh,0220h-026Fh,02A0h-02EFh,0320h-036Fh,03A0h-03EFh,0420h-046Fh,04A0h-04EFh,0520h-056Fh,05A0h-05EFh,0620h-064Fh \
  -ASFR0=00h-01Fh -ASFR1=080h-09Fh -ASFR2=0100h-011Fh -ASFR3=0180h-019Fh \
  -ASFR4=0200h-021Fh -ASFR5=0280h-029Fh -ASFR6=0300h-031Fh \
  -ASFR7=0380h-039Fh -ASFR8=0400h-041Fh -ASFR9=0480h-049Fh \
  -ASFR10=0500h-051Fh -ASFR11=0580h-059Fh -ASFR12=0600h-061Fh \
  -ASFR13=0680h-06EFh -ASFR14=0700h-076Fh -ASFR15=0780h-07EFh \
  -ASFR16=0800h-086Fh -ASFR17=0880h-08EFh -ASFR18=0900h-096Fh \
  -ASFR19=0980h-09EFh -ASFR20=0A00h-0A6Fh -ASFR21=0A80h-0AEFh \
  -ASFR22=0B00h-0B6Fh -ASFR23=0B80h-0BEFh -ASFR24=0C00h-0C6Fh \
  -ASFR25=0C80h-0CEFh -ASFR26=0D00h-0D6Fh -ASFR27=0D80h-0DEFh \
  -ASFR28=0E00h-0E6Fh -ASFR29=0E80h-0EEFh -ASFR30=0F00h-0F6Fh \
  -ASFR31=0F80h-0FEFh -preset_vec=00h,intentry=04h,init,end_init \
  -ppowerup=CODE -pcinit=CODE -pfunctab=CODE -ACONFIG=08007h-08008h \
  -pconfig=CONFIG -DCONFIG=2 -AIDLOC=08000h-08003h -pidloc=IDLOC -DIDLOC=2 \
  -AEEDATA=00h-0FFh/0F000h -peeprom_data=EEDATA -DEEDATA=2 -DCODE=2 \
  -DSTRCODE=2 -DSTRING=2 -DCONST=2 -DENTRY=2 -k \
  C:\Users\Tom\AppData\Local\Temp\s6ts.obj \
  dist/default/production\glucose_meter2A.X.production.obj 

Object code version is 3.11

Machine type is 16F1786



                Name                               Link     Load   Length Selector   Space Scale
C:\Users\Tom\AppData\Local\Temp\s6ts.obj
                end_init                            1E6      1E6        2        8       0
                reset_vec                             0        0        2        0       0
                config                             8007     8007        2    1000E       0
dist/default/production\glucose_meter2A.X.production.obj
                cinit                               1E8      1E8       4D        8       0
                intentry                              4        4      1E2        8       0
                text45                             1F29     1F29       25     3E52       0
                text44                             10BD     10BD       46     217A       0
                text42                             12A0     12A0       65     2540       0
                text41                             1F07     1F07       22     3E0E       0
                text40                              8E8      8E8       F6     11D0       0
                text39                             103F     103F       3C     207E       0
                text38                              834      834       B4     1068       0
                text37                             1479     1479       93     28F2       0
                text36                             107B     107B       42     20F6       0
                text35                             1FD1     1FD1       2F     3FA2       0
                text34                             1E30     1E30       15     3C60       0
                text33                             1F4E     1F4E       2A     3E9C       0
                text32                             1197     1197       52     232E       0
                text31                             13F2     13F2       87     27E4       0
                text30                             1305     1305       75     260A       0
                text29                             1DAC     1DAC        4     3B58       0
                text28                              7F8      7F8        8      C72       0
                text27                             1103     1103       47     2206       0
                text26                             1DB6     1DB6        B     3B6C       0
                text25                             114A     114A       4D     2294       0
                text24                             1EC7     1EC7       1F     3D8E       0
                text23                             1EE6     1EE6       21     3DCC       0
                text22                             137A     137A       78     26F4       0
                text21                             1F78     1F78       2C     3EF0       0
                text20                             123C     123C       64     2478       0
                text19                              801      801       33     1002       0
                text18                             1E8E     1E8E       1C     3D1C       0
                text17                             11E9     11E9       53     23D2       0
                text16                             1E45     1E45       17     3C8A       0
                text15                             100A     100A       35     2014       0
                text14                             1FA4     1FA4       2D     3F48       0
                text13                             1DD9     1DD9        F     3BB2       0
                text12                                2        2        1        0       0
                text11                             15B5     15B5      24B     2B6A       0
                text10                             1EAA     1EAA       1D     3D54       0
                text9                               639      639      1BF      C72       0
                text8                              1E0A     1E0A       13     3C14       0
                text7                              1E1D     1E1D       13     3C3A       0
                text6                              1DF8     1DF8       12     3BF0       0
                text5                              1E5C     1E5C       17     3CB8       0
                swtext2                            1814     1814       14     3000       0
                swtext1                            1800     1800       14     3000       0
                text4                               9DE      9DE      25E     13BC       0
                text3                              150C     150C       A9     2A18       0
                text2                              1001     1001        9     2002       0
                text1                              1E73     1E73       1B     3CE6       0
                maintext                            C3C      C3C      3C4     1878       0
                cstackBANK0                          20       20       3E       20       1
                cstackCOMMON                         70       70        7       70       1
                cstackBANK1                          E3       E3        6       A0       1
                cstackBANK2                         120      120       1D      120       1
                inittext                           1DC1     1DC1        C     3B82       0
                clrtext                            1DCD     1DCD        C     3B9A       0
                bssBANK2                            13D      13D        C      120       1
                dataBANK1                            D3       D3       10       A0       1
                bssBANK1                             A0       A0       33       A0       1
                dataBANK0                            5E       5E        6       20       1
                bssBANK0                             64       64        3       20       1
                dataCOMMON                           7D       7D        1       70       1
                bssCOMMON                            77       77        6       70       1
                stringtext                          235      235      404      46A       0
                idataBANK1                         1DE8     1DE8       10     3BD0       0
                idataBANK0                         1DB0     1DB0        6     3B60       0
                idataCOMMON                           3        3        1        6       0

TOTAL           Name                               Link     Load   Length     Space
        CLASS   STACK          

        CLASS   CODE           
                end_init                            1E6      1E6        2         0
                cinit                               1E8      1E8       4D         0
                intentry                              4        4      1E2         0
                reset_vec                             0        0        2         0
                text45                             1F29     1F29       25         0
                text44                             10BD     10BD       46         0
                text42                             12A0     12A0       65         0
                text41                             1F07     1F07       22         0
                text40                              8E8      8E8       F6         0
                text39                             103F     103F       3C         0
                text38                              834      834       B4         0
                text37                             1479     1479       93         0
                text36                             107B     107B       42         0
                text35                             1FD1     1FD1       2F         0
                text34                             1E30     1E30       15         0
                text33                             1F4E     1F4E       2A         0
                text32                             1197     1197       52         0
                text31                             13F2     13F2       87         0
                text30                             1305     1305       75         0
                text29                             1DAC     1DAC        4         0
                text28                              7F8      7F8        8         0
                text27                             1103     1103       47         0
                text26                             1DB6     1DB6        B         0
                text25                             114A     114A       4D         0
                text24                             1EC7     1EC7       1F         0
                text23                             1EE6     1EE6       21         0
                text22                             137A     137A       78         0
                text21                             1F78     1F78       2C         0
                text20                             123C     123C       64         0
                text19                              801      801       33         0
                text18                             1E8E     1E8E       1C         0
                text17                             11E9     11E9       53         0
                text16                             1E45     1E45       17         0
                text15                             100A     100A       35         0
                text14                             1FA4     1FA4       2D         0
                text13                             1DD9     1DD9        F         0
                text12                                2        2        1         0
                text11                             15B5     15B5      24B         0
                text10                             1EAA     1EAA       1D         0
                text9                               639      639      1BF         0
                text8                              1E0A     1E0A       13         0
                text7                              1E1D     1E1D       13         0
                text6                              1DF8     1DF8       12         0
                text5                              1E5C     1E5C       17         0
                text4                               9DE      9DE      25E         0
                text3                              150C     150C       A9         0
                text2                              1001     1001        9         0
                text1                              1E73     1E73       1B         0
                maintext                            C3C      C3C      3C4         0
                inittext                           1DC1     1DC1        C         0
                clrtext                            1DCD     1DCD        C         0
                idataBANK1                         1DE8     1DE8       10         0
                idataBANK0                         1DB0     1DB0        6         0
                idataCOMMON                           3        3        1         0

        CLASS   STRCODE        
                stringtext                          235      235      404         0

        CLASS   STRING         

        CLASS   CONST          
                swtext2                            1814     1814       14         0
                swtext1                            1800     1800       14         0

        CLASS   ENTRY          

        CLASS   COMMON         
                cstackCOMMON                         70       70        7         1
                dataCOMMON                           7D       7D        1         1
                bssCOMMON                            77       77        6         1

        CLASS   BANK0          
                cstackBANK0                          20       20       3E         1
                dataBANK0                            5E       5E        6         1
                bssBANK0                             64       64        3         1

        CLASS   BANK1          
                cstackBANK1                          E3       E3        6         1
                dataBANK1                            D3       D3       10         1
                bssBANK1                             A0       A0       33         1

        CLASS   BANK2          
                cstackBANK2                         120      120       1D         1
                bssBANK2                            13D      13D        C         1

        CLASS   BANK3          

        CLASS   BANK4          

        CLASS   BANK5          

        CLASS   BANK6          

        CLASS   BANK7          

        CLASS   BANK8          

        CLASS   BANK9          

        CLASS   BANK10         

        CLASS   BANK11         

        CLASS   BANK12         

        CLASS   BIGRAM         

        CLASS   RAM            

        CLASS   ABS1           
                abs_s1                               7E       7E        2         1
                abs_s1                              464      464        C         1
                abs_s1                              4A0      4A0       50         1
                abs_s1                              520      520       50         1
                abs_s1                              5A0      5A0       50         1
                abs_s1                              620      620       30         1
                abs_s1                             22C4     22C4        0         1

        CLASS   SFR0           

        CLASS   SFR1           

        CLASS   SFR2           

        CLASS   SFR3           

        CLASS   SFR4           

        CLASS   SFR5           

        CLASS   SFR6           

        CLASS   SFR7           

        CLASS   SFR8           

        CLASS   SFR9           

        CLASS   SFR10          

        CLASS   SFR11          

        CLASS   SFR12          

        CLASS   SFR13          

        CLASS   SFR14          

        CLASS   SFR15          

        CLASS   SFR16          

        CLASS   SFR17          

        CLASS   SFR18          

        CLASS   SFR19          

        CLASS   SFR20          

        CLASS   SFR21          

        CLASS   SFR22          

        CLASS   SFR23          

        CLASS   SFR24          

        CLASS   SFR25          

        CLASS   SFR26          

        CLASS   SFR27          

        CLASS   SFR28          

        CLASS   SFR29          

        CLASS   SFR30          

        CLASS   SFR31          

        CLASS   CONFIG         
                config                             8007     8007        2         0

        CLASS   IDLOC          

        CLASS   EEDATA         

        CLASS   BANK31         

        CLASS   BANK30         

        CLASS   BANK29         

        CLASS   BANK28         

        CLASS   BANK27         

        CLASS   BANK26         

        CLASS   BANK25         

        CLASS   BANK24         

        CLASS   BANK23         

        CLASS   BANK22         

        CLASS   BANK21         

        CLASS   BANK20         

        CLASS   BANK19         

        CLASS   BANK18         

        CLASS   BANK17         

        CLASS   BANK16         

        CLASS   BANK15         

        CLASS   BANK14         

        CLASS   BANK13         



SEGMENTS        Name                           Load    Length   Top    Selector   Space  Class     Delta

                reset_vec                      000000  000003  000003         0       0  CODE        2
                idataCOMMON                    000003  000001  000004         6       0  CODE        2
                intentry                       000004  000231  000235         8       0  CODE        2
                cstackBANK0                    000020  000047  000067        20       1  BANK0       1
                cstackCOMMON                   000070  00000E  00007E        70       1  COMMON      1
                bssBANK1                       0000A0  000049  0000E9        A0       1  BANK1       1
                cstackBANK2                    000120  000029  000149       120       1  BANK2       1
                stringtext                     000235  000404  000639       46A       0  STRCODE     2
                text9                          000639  0001C7  000800       C72       0  CODE        2
                text19                         000801  000033  000834      1002       0  CODE        2
                text38                         000834  0000B4  0008E8      1068       0  CODE        2
                text40                         0008E8  0000F6  0009DE      11D0       0  CODE        2
                text4                          0009DE  00025E  000C3C      13BC       0  CODE        2
                maintext                       000C3C  0003C4  001000      1878       0  CODE        2
                text2                          001001  000009  00100A      2002       0  CODE        2
                text15                         00100A  000035  00103F      2014       0  CODE        2
                text39                         00103F  00003C  00107B      207E       0  CODE        2
                text36                         00107B  000042  0010BD      20F6       0  CODE        2
                text44                         0010BD  000046  001103      217A       0  CODE        2
                text27                         001103  000047  00114A      2206       0  CODE        2
                text25                         00114A  00004D  001197      2294       0  CODE        2
                text32                         001197  000052  0011E9      232E       0  CODE        2
                text17                         0011E9  000053  00123C      23D2       0  CODE        2
                text20                         00123C  000064  0012A0      2478       0  CODE        2
                text42                         0012A0  000065  001305      2540       0  CODE        2
                text30                         001305  000075  00137A      260A       0  CODE        2
                text22                         00137A  000078  0013F2      26F4       0  CODE        2
                text31                         0013F2  000087  001479      27E4       0  CODE        2
                text37                         001479  000093  00150C      28F2       0  CODE        2
                text3                          00150C  0000A9  0015B5      2A18       0  CODE        2
                text11                         0015B5  00024B  001800      2B6A       0  CODE        2
                swtext1                        001800  000028  001828      3000       0  CONST       2
                text29                         001DAC  000004  001DB0      3B58       0  CODE        2
                idataBANK0                     001DB0  000006  001DB6      3B60       0  CODE        2
                text26                         001DB6  00000B  001DC1      3B6C       0  CODE        2
                inittext                       001DC1  00000C  001DCD      3B82       0  CODE        2
                clrtext                        001DCD  00000C  001DD9      3B9A       0  CODE        2
                text13                         001DD9  00000F  001DE8      3BB2       0  CODE        2
                idataBANK1                     001DE8  000010  001DF8      3BD0       0  CODE        2
                text6                          001DF8  000012  001E0A      3BF0       0  CODE        2
                text8                          001E0A  000013  001E1D      3C14       0  CODE        2
                text7                          001E1D  000013  001E30      3C3A       0  CODE        2
                text34                         001E30  000015  001E45      3C60       0  CODE        2
                text16                         001E45  000017  001E5C      3C8A       0  CODE        2
                text5                          001E5C  000017  001E73      3CB8       0  CODE        2
                text1                          001E73  00001B  001E8E      3CE6       0  CODE        2
                text18                         001E8E  00001C  001EAA      3D1C       0  CODE        2
                text10                         001EAA  00001D  001EC7      3D54       0  CODE        2
                text24                         001EC7  00001F  001EE6      3D8E       0  CODE        2
                text23                         001EE6  000021  001F07      3DCC       0  CODE        2
                text41                         001F07  000022  001F29      3E0E       0  CODE        2
                text45                         001F29  000025  001F4E      3E52       0  CODE        2
                text33                         001F4E  00002A  001F78      3E9C       0  CODE        2
                text21                         001F78  00002C  001FA4      3EF0       0  CODE        2
                text14                         001FA4  00002D  001FD1      3F48       0  CODE        2
                text35                         001FD1  00002F  002000      3FA2       0  CODE        2
                config                         008007  000002  008009     1000E       0  CONFIG      2


UNUSED ADDRESS RANGES

        Name                Unused          Largest block    Delta
        BANK0            00067-0006F               9           1
        BANK1            000E9-000EF               7           1
        BANK2            00149-0016F              27           1
        BANK3            001A0-001EF              50           1
        BANK4            00220-0026F              50           1
        BANK5            002A0-002EF              50           1
        BANK6            00320-0036F              50           1
        BANK7            003A0-003EF              50           1
        BANK8            00420-00463              44           1
        BIGRAM           02000-023EF             3F0           1
        CODE             00800-00800               1           2
                         01000-01000               1
                         01828-01DAB             584
        CONST            00800-00800               1           2
                         01000-01000               1
                         01828-01DAB             100
        EEDATA           0F000-0F0FF             100           2
        ENTRY            00800-00800               1           2
                         01000-01000               1
                         01828-01DAB             100
        IDLOC            08000-08003               4           2
        RAM              00067-0006F               9           1
                         000E9-000EF               7
                         00149-0016F              27
                         001A0-001EF              50
                         00220-0026F              50
                         002A0-002EF              50
                         00320-0036F              50
                         003A0-003EF              50
                         00420-00463              44
        SFR0             00000-0001F              20           1
        SFR1             00080-0009F              20           1
        SFR10            00500-0051F              20           1
        SFR11            00580-0059F              20           1
        SFR12            00600-0061F              20           1
        SFR13            00680-006EF              70           1
        SFR14            00700-0076F              70           1
        SFR15            00780-007EF              70           1
        SFR16            00800-0086F              70           1
        SFR17            00880-008EF              70           1
        SFR18            00900-0096F              70           1
        SFR19            00980-009EF              70           1
        SFR2             00100-0011F              20           1
        SFR20            00A00-00A6F              70           1
        SFR21            00A80-00AEF              70           1
        SFR22            00B00-00B6F              70           1
        SFR23            00B80-00BEF              70           1
        SFR24            00C00-00C6F              70           1
        SFR25            00C80-00CEF              70           1
        SFR26            00D00-00D6F              70           1
        SFR27            00D80-00DEF              70           1
        SFR28            00E00-00E6F              70           1
        SFR29            00E80-00EEF              70           1
        SFR3             00180-0019F              20           1
        SFR30            00F00-00F6F              70           1
        SFR31            00F80-00FEF              70           1
        SFR4             00200-0021F              20           1
        SFR5             00280-0029F              20           1
        SFR6             00300-0031F              20           1
        SFR7             00380-0039F              20           1
        SFR8             00400-0041F              20           1
        SFR9             00480-0049F              20           1
        STACK            020C9-022C3             1FB           1
        STRCODE          00800-00800               1           2
                         01000-01000               1
                         01828-01DAB             584
        STRING           00800-00800               1           2
                         01000-01000               1
                         01828-01DAB             100

                                  Symbol Table

?___awdiv                              cstackBANK0  00029
?___awtoft                             cstackBANK0  00032
?___ftadd                              cstackBANK0  0003C
?___ftdiv                              cstackBANK0  00031
?___ftmul                              cstackBANK0  00049
?___ftneg                              cstackBANK0  00039
?___ftpack                             cstackBANK0  00029
?___fttol                              cstackBANK0  00029
?___lbtoft                             cstackBANK0  00031
?___lwdiv                              cstackBANK0  00029
?___lwmod                              cstackBANK0  00031
?___wmul                               cstackBANK0  00029
?__doprnt                              cstackBANK0  00037
?_printf                               cstackBANK0  00046
?_sprintf                              cstackBANK0  00046
DisplaySavedGlucoReading@read_mgdl     cstackBANK1  000E5
DisplaySavedGlucoReading@read_mgdl_int cstackBANK1  000E3
LCDCharacter@character                 cstackBANK0  00039
LCDCharacter@index                     cstackBANK0  0003A
LCDClear@index                         cstackBANK0  00038
LCDString@characters                   cstackBANK0  0003C
LCDWrite@d                             cstackBANK0  00032
LCDWrite@data                          cstackBANK0  0002F
LCDWrite@data_or_command               cstackBANK0  00031
LCDWrite@i                             cstackBANK0  00033
ReadSavedGlucoReading@reading_count    cstackBANK0  0002F
SW1_pressed@SW1_press                  cstackBANK0  0002A
SW3_pressed@SW3_press                  cstackBANK0  0002A
SenseTestStrip@index                   cstackBANK1  000E6
SenseTestStrip@lcdFormatted            cstackBANK1  000E3
SenseTestStrip@temp_adc                cstackBANK1  000E4
SetTime@confirm_count                  cstackBANK2  00131
SetTime@day_1                          cstackBANK2  0012E
SetTime@day_2                          cstackBANK2  00129
SetTime@hour_1                         cstackBANK2  0012F
SetTime@hour_2                         cstackBANK2  0012A
SetTime@min_1                          cstackBANK2  00130
SetTime@min_2                          cstackBANK2  0012B
SetTime@month_1                        cstackBANK2  0012D
SetTime@month_2                        cstackBANK2  00128
SetTime@pre_confirm_count              cstackBANK2  00125
SetTime@set_time_date_loop             cstackBANK2  00126
SetTime@sw1_count                      cstackBANK2  00132
SetTime@tDay                           cstackBANK2  00121
SetTime@tHour                          cstackBANK2  00123
SetTime@tMin                           cstackBANK2  00124
SetTime@tMonth                         cstackBANK2  00120
SetTime@tYear                          cstackBANK2  00122
SetTime@year_1                         cstackBANK2  0012C
SetTime@year_2                         cstackBANK2  00127
_ADCON0                                (abs)        0009D
_ADCON0bits                            (abs)        0009D
_ADCON1                                (abs)        0009E
_ADCON2                                (abs)        0009F
_ADRESH                                (abs)        0009C
_ADRESL                                (abs)        0009B
_ANSELA                                (abs)        0018C
_ANSELAbits                            (abs)        0018C
_ANSELB                                (abs)        0018D
_ANSELBbits                            (abs)        0018D
_ASCII                                 stringtext   00235
_CARRY                                 (abs)        00018
_CalcGlucose                           text37       01479
_ConfigureOscillator                   text29       01DAC
_DACCON0bits                           (abs)        00118
_DACCON1                               (abs)        00119
_Days                                  dataBANK0    0005E
_Delay_1_Second                        text36       0107B
_DisplaySavedGlucoReading              text30       01305
_EEADR                                 (abs)        00191
_EEADRS                                bssBANK0     00064
_EECON1                                (abs)        00195
_EECON2                                (abs)        00196
_EEDATA                                (abs)        00193
_EnterDeepSleep                        text19       00801
_FVRCONbits                            (abs)        00117
_GIE                                   (abs)        0005F
_GO_nDONE                              (abs)        004E9
_Hours                                 dataBANK0    0005F
_HwInit                                text24       01EC7
_INTCONbits                            (abs)        0000B
_IOCBFbits                             (abs)        00396
_IOCBNbits                             (abs)        00395
_InitADC                               text28       007F8
_InitApp                               text27       01103
_InitTimer1                            text26       01DB6
_LARGEnum                              stringtext   00415
_LATAbits                              (abs)        0010C
_LATB1                                 (abs)        00869
_LATB5                                 (abs)        0086D
_LATBbits                              (abs)        0010D
_LATCbits                              (abs)        0010E
_LCDCharacter                          text17       011E9
_LCDClear                              text33       01F4E
_LCDInit                               text25       0114A
_LCDString                             text16       01E45
_LCDWrite                              text35       01FD1
_Minutes                               dataBANK0    00060
_Month                                 dataBANK0    00061
_OPA1CONbits                           (abs)        00511
_OPTION_REG                            (abs)        00095
_OPTION_REGbits                        (abs)        00095
_OSCCON                                (abs)        00099
_PIE1bits                              (abs)        00091
_PIR1bits                              (abs)        00011
_PORTB                                 (abs)        0000D
_RD                                    (abs)        00CA8
_ReadSavedGlucoReading                 text22       0137A
_RedingCount                           bssCOMMON    00077
_SW1_pressed                           text8        01E0A
_SW3_pressed                           text7        01E1D
_SaveGlucoReading                      text20       0123C
_Seconds                               bssBANK1     000C2
_SenseTestStrip                        text9        00639
_SetTime                               text4        009DE
_T1CONbits                             (abs)        00018
_TMR1H                                 (abs)        00017
_TRISA                                 (abs)        0008C
_TRISAbits                             (abs)        0008C
_TRISB                                 (abs)        0008D
_TRISBbits                             (abs)        0008D
_TRISC                                 (abs)        0008E
_TRISCbits                             (abs)        0008E
_VREGCONbits                           (abs)        00197
_WR                                    (abs)        00CA9
_WREN                                  (abs)        00CAA
_Year                                  dataBANK0    00062
__CFG_BOREN$OFF                        (abs)        00000
__CFG_BORV$LO                          (abs)        00000
__CFG_CLKOUTEN$OFF                     (abs)        00000
__CFG_CP$OFF                           (abs)        00000
__CFG_CPD$OFF                          (abs)        00000
__CFG_FCMEN$OFF                        (abs)        00000
__CFG_FOSC$INTOSC                      (abs)        00000
__CFG_IESO$OFF                         (abs)        00000
__CFG_LPBOR$OFF                        (abs)        00000
__CFG_LVP$OFF                          (abs)        00000
__CFG_MCLRE$ON                         (abs)        00000
__CFG_PLLEN$OFF                        (abs)        00000
__CFG_PWRTE$OFF                        (abs)        00000
__CFG_STVREN$ON                        (abs)        00000
__CFG_WDTE$OFF                         (abs)        00000
__CFG_WRT$OFF                          (abs)        00000
__Habs1                                abs1         00000
__Hbank0                               bank0        00000
__Hbank1                               bank1        00000
__Hbank10                              bank10       00000
__Hbank11                              bank11       00000
__Hbank12                              bank12       00000
__Hbank13                              bank13       00000
__Hbank14                              bank14       00000
__Hbank15                              bank15       00000
__Hbank16                              bank16       00000
__Hbank17                              bank17       00000
__Hbank18                              bank18       00000
__Hbank19                              bank19       00000
__Hbank2                               bank2        00000
__Hbank20                              bank20       00000
__Hbank21                              bank21       00000
__Hbank22                              bank22       00000
__Hbank23                              bank23       00000
__Hbank24                              bank24       00000
__Hbank25                              bank25       00000
__Hbank26                              bank26       00000
__Hbank27                              bank27       00000
__Hbank28                              bank28       00000
__Hbank29                              bank29       00000
__Hbank3                               bank3        00000
__Hbank30                              bank30       00000
__Hbank31                              bank31       00000
__Hbank4                               bank4        00000
__Hbank5                               bank5        00000
__Hbank6                               bank6        00000
__Hbank7                               bank7        00000
__Hbank8                               bank8        00000
__Hbank9                               bank9        00000
__Hbigram                              bigram       00000
__HbssBANK0                            bssBANK0     00000
__HbssBANK1                            bssBANK1     00000
__HbssBANK2                            bssBANK2     00000
__HbssCOMMON                           bssCOMMON    00000
__Hcinit                               cinit        00235
__Hclrtext                             clrtext      00000
__Hcode                                code         00000
__Hcommon                              common       00000
__Hconfig                              config       08009
__HcstackBANK0                         cstackBANK0  00000
__HcstackBANK1                         cstackBANK1  00000
__HcstackBANK2                         cstackBANK2  00000
__HcstackCOMMON                        cstackCOMMON 00000
__HdataBANK0                           dataBANK0    00000
__HdataBANK1                           dataBANK1    00000
__HdataCOMMON                          dataCOMMON   00000
__Heeprom_data                         eeprom_data  00000
__Hend_init                            end_init     001E8
__Hfunctab                             functab      00000
__HidataBANK0                          idataBANK0   00000
__HidataBANK1                          idataBANK1   00000
__HidataCOMMON                         idataCOMMON  00000
__Hidloc                               idloc        00000
__Hinit                                init         001E6
__Hinittext                            inittext     00000
__Hintentry                            intentry     001E6
__Hmaintext                            maintext     00000
__Hpowerup                             powerup      00000
__Hram                                 ram          00000
__Hreset_vec                           reset_vec    00002
__Hsfr0                                sfr0         00000
__Hsfr1                                sfr1         00000
__Hsfr10                               sfr10        00000
__Hsfr11                               sfr11        00000
__Hsfr12                               sfr12        00000
__Hsfr13                               sfr13        00000
__Hsfr14                               sfr14        00000
__Hsfr15                               sfr15        00000
__Hsfr16                               sfr16        00000
__Hsfr17                               sfr17        00000
__Hsfr18                               sfr18        00000
__Hsfr19                               sfr19        00000
__Hsfr2                                sfr2         00000
__Hsfr20                               sfr20        00000
__Hsfr21                               sfr21        00000
__Hsfr22                               sfr22        00000
__Hsfr23                               sfr23        00000
__Hsfr24                               sfr24        00000
__Hsfr25                               sfr25        00000
__Hsfr26                               sfr26        00000
__Hsfr27                               sfr27        00000
__Hsfr28                               sfr28        00000
__Hsfr29                               sfr29        00000
__Hsfr3                                sfr3         00000
__Hsfr30                               sfr30        00000
__Hsfr31                               sfr31        00000
__Hsfr4                                sfr4         00000
__Hsfr5                                sfr5         00000
__Hsfr6                                sfr6         00000
__Hsfr7                                sfr7         00000
__Hsfr8                                sfr8         00000
__Hsfr9                                sfr9         00000
__Hspace_0                             (abs)        08009
__Hspace_1                             (abs)        00149
__Hspace_2                             (abs)        00000
__Hspace_3                             (abs)        00000
__Hstack                               stack        00000
__Hstrings                             strings      00000
__Hstringtext                          stringtext   00000
__Htext                                text         00000
__Labs1                                abs1         00000
__Lbank0                               bank0        00000
__Lbank1                               bank1        00000
__Lbank10                              bank10       00000
__Lbank11                              bank11       00000
__Lbank12                              bank12       00000
__Lbank13                              bank13       00000
__Lbank14                              bank14       00000
__Lbank15                              bank15       00000
__Lbank16                              bank16       00000
__Lbank17                              bank17       00000
__Lbank18                              bank18       00000
__Lbank19                              bank19       00000
__Lbank2                               bank2        00000
__Lbank20                              bank20       00000
__Lbank21                              bank21       00000
__Lbank22                              bank22       00000
__Lbank23                              bank23       00000
__Lbank24                              bank24       00000
__Lbank25                              bank25       00000
__Lbank26                              bank26       00000
__Lbank27                              bank27       00000
__Lbank28                              bank28       00000
__Lbank29                              bank29       00000
__Lbank3                               bank3        00000
__Lbank30                              bank30       00000
__Lbank31                              bank31       00000
__Lbank4                               bank4        00000
__Lbank5                               bank5        00000
__Lbank6                               bank6        00000
__Lbank7                               bank7        00000
__Lbank8                               bank8        00000
__Lbank9                               bank9        00000
__Lbigram                              bigram       00000
__LbssBANK0                            bssBANK0     00000
__LbssBANK1                            bssBANK1     00000
__LbssBANK2                            bssBANK2     00000
__LbssCOMMON                           bssCOMMON    00000
__Lcinit                               cinit        001E8
__Lclrtext                             clrtext      00000
__Lcode                                code         00000
__Lcommon                              common       00000
__Lconfig                              config       08007
__LcstackBANK0                         cstackBANK0  00000
__LcstackBANK1                         cstackBANK1  00000
__LcstackBANK2                         cstackBANK2  00000
__LcstackCOMMON                        cstackCOMMON 00000
__LdataBANK0                           dataBANK0    00000
__LdataBANK1                           dataBANK1    00000
__LdataCOMMON                          dataCOMMON   00000
__Leeprom_data                         eeprom_data  00000
__Lend_init                            end_init     001E6
__Lfunctab                             functab      00000
__LidataBANK0                          idataBANK0   00000
__LidataBANK1                          idataBANK1   00000
__LidataCOMMON                         idataCOMMON  00000
__Lidloc                               idloc        00000
__Linit                                init         001E6
__Linittext                            inittext     00000
__Lintentry                            intentry     00004
__Lmaintext                            maintext     00000
__Lpowerup                             powerup      00000
__Lram                                 ram          00000
__Lreset_vec                           reset_vec    00000
__Lsfr0                                sfr0         00000
__Lsfr1                                sfr1         00000
__Lsfr10                               sfr10        00000
__Lsfr11                               sfr11        00000
__Lsfr12                               sfr12        00000
__Lsfr13                               sfr13        00000
__Lsfr14                               sfr14        00000
__Lsfr15                               sfr15        00000
__Lsfr16                               sfr16        00000
__Lsfr17                               sfr17        00000
__Lsfr18                               sfr18        00000
__Lsfr19                               sfr19        00000
__Lsfr2                                sfr2         00000
__Lsfr20                               sfr20        00000
__Lsfr21                               sfr21        00000
__Lsfr22                               sfr22        00000
__Lsfr23                               sfr23        00000
__Lsfr24                               sfr24        00000
__Lsfr25                               sfr25        00000
__Lsfr26                               sfr26        00000
__Lsfr27                               sfr27        00000
__Lsfr28                               sfr28        00000
__Lsfr29                               sfr29        00000
__Lsfr3                                sfr3         00000
__Lsfr30                               sfr30        00000
__Lsfr31                               sfr31        00000
__Lsfr4                                sfr4         00000
__Lsfr5                                sfr5         00000
__Lsfr6                                sfr6         00000
__Lsfr7                                sfr7         00000
__Lsfr8                                sfr8         00000
__Lsfr9                                sfr9         00000
__Lspace_0                             (abs)        00000
__Lspace_1                             (abs)        00000
__Lspace_2                             (abs)        00000
__Lspace_3                             (abs)        00000
__Lstack                               stack        00000
__Lstrings                             strings      00000
__Lstringtext                          stringtext   00000
__Ltext                                text         00000
__S0                                   (abs)        08009
__S1                                   (abs)        00149
__S2                                   (abs)        00000
__S3                                   (abs)        00000
___awdiv                               text32       01197
___awdiv@counter                       cstackBANK0  0002E
___awdiv@dividend                      cstackBANK0  0002B
___awdiv@divisor                       cstackBANK0  00029
___awdiv@quotient                      cstackBANK0  00030
___awdiv@sign                          cstackBANK0  0002F
___awtoft                              text41       01F07
___awtoft@c                            cstackBANK0  00032
___awtoft@sign                         cstackBANK0  00037
___bmul                                text6        01DF8
___bmul@multiplicand                   cstackBANK0  00029
___bmul@multiplier                     cstackBANK0  0002C
___bmul@product                        cstackBANK0  0002B
___ftadd                               text40       008E8
___ftadd@exp1                          cstackBANK0  00048
___ftadd@exp2                          cstackBANK0  00047
___ftadd@f1                            cstackBANK0  0003C
___ftadd@f2                            cstackBANK0  0003F
___ftadd@sign                          cstackBANK0  00046
___ftdiv                               text3        0150C
___ftdiv@cntr                          cstackBANK0  0003B
___ftdiv@exp                           cstackBANK0  0003F
___ftdiv@f1                            cstackBANK0  00034
___ftdiv@f2                            cstackBANK0  00031
___ftdiv@f3                            cstackBANK0  0003C
___ftdiv@sign                          cstackBANK0  00040
___ftge                                text39       0103F
___ftge@ff1                            cstackBANK0  00029
___ftge@ff2                            cstackBANK0  0002C
___ftmul                               text38       00834
___ftmul@cntr                          cstackBANK0  00057
___ftmul@exp                           cstackBANK0  00053
___ftmul@f1                            cstackBANK0  00049
___ftmul@f2                            cstackBANK0  0004C
___ftmul@f3_as_product                 cstackBANK0  00054
___ftmul@sign                          cstackBANK0  00058
___ftneg                               text2        01001
___ftneg@f1                            cstackBANK0  00039
___ftpack                              text42       012A0
___ftpack@arg                          cstackBANK0  00029
___ftpack@exp                          cstackBANK0  0002C
___ftpack@sign                         cstackBANK0  0002D
___fttol                               text31       013F2
___fttol@exp1                          cstackBANK0  00036
___fttol@f1                            cstackBANK0  00029
___fttol@lval                          cstackBANK0  00032
___fttol@sign1                         cstackBANK0  00031
___int_sp                              stack        00000
___latbits                             (abs)        00002
___lbtoft                              text1        01E73
___lbtoft@c                            cstackBANK0  00038
___lwdiv                               text15       0100A
___lwdiv@counter                       cstackBANK0  0002E
___lwdiv@dividend                      cstackBANK0  0002B
___lwdiv@divisor                       cstackBANK0  00029
___lwdiv@quotient                      cstackBANK0  0002F
___lwmod                               text14       01FA4
___lwmod@counter                       cstackBANK0  00036
___lwmod@dividend                      cstackBANK0  00033
___lwmod@divisor                       cstackBANK0  00031
___sp                                  stack        00000
___wmul                                text18       01E8E
___wmul@multiplicand                   cstackBANK0  0002B
___wmul@multiplier                     cstackBANK0  00029
___wmul@product                        cstackBANK0  0002D
__doprnt                               text11       015B5
__doprnt@ap                            cstackBANK0  00039
__doprnt@c                             cstackBANK0  00044
__doprnt@f                             cstackBANK0  00037
__doprnt@flag                          cstackBANK0  00041
__doprnt@pb                            cstackBANK0  00045
__doprnt@prec                          cstackBANK0  0003E
__doprnt@val                           cstackBANK0  0003F
__doprnt@width                         cstackBANK0  00042
__end_of_ASCII                         stringtext   00415
__end_of_CalcGlucose                   text37       0150C
__end_of_ConfigureOscillator           text29       01DB0
__end_of_Delay_1_Second                text36       010BD
__end_of_DisplaySavedGlucoReading      text30       0137A
__end_of_EnterDeepSleep                text19       00834
__end_of_HwInit                        text24       01EE6
__end_of_InitADC                       text28       00800
__end_of_InitApp                       text27       0114A
__end_of_InitTimer1                    text26       01DC1
__end_of_LARGEnum                      stringtext   00519
__end_of_LCDCharacter                  text17       0123C
__end_of_LCDClear                      text33       01F78
__end_of_LCDInit                       text25       01197
__end_of_LCDString                     text16       01E5C
__end_of_LCDWrite                      text35       02000
__end_of_ReadSavedGlucoReading         text22       013F2
__end_of_SW1_pressed                   text8        01E1D
__end_of_SW3_pressed                   text7        01E30
__end_of_SaveGlucoReading              text20       012A0
__end_of_SenseTestStrip                text9        007F8
__end_of_SetTime                       text4        00C3C
__end_of___awdiv                       text32       011E9
__end_of___awtoft                      text41       01F29
__end_of___bmul                        text6        01E0A
__end_of___ftadd                       text40       009DE
__end_of___ftdiv                       text3        015B5
__end_of___ftge                        text39       0107B
__end_of___ftmul                       text38       008E8
__end_of___ftneg                       text2        0100A
__end_of___ftpack                      text42       01305
__end_of___fttol                       text31       01479
__end_of___lbtoft                      text1        01E8E
__end_of___lwdiv                       text15       0103F
__end_of___lwmod                       text14       01FD1
__end_of___wmul                        text18       01EAA
__end_of__doprnt                       text11       01800
__end_of__initialization               cinit        00231
__end_of_dpowers                       stringtext   00523
__end_of_eeprom_read                   text23       01F07
__end_of_eeprom_write                  text21       01FA4
__end_of_gotoXY                        text34       01E45
__end_of_isdigit                       text13       01DE8
__end_of_isr                           intentry     001E6
__end_of_main                          maintext     01000
__end_of_printf                        text5        01E73
__end_of_putch                         text12       00003
__end_of_sprintf                       text10       01EC7
__end_ofi1_LCDInit                     text44       01103
__end_ofi1_LCDWrite                    text45       01F4E
__initialization                       cinit        001E8
__pbssBANK0                            bssBANK0     00064
__pbssBANK1                            bssBANK1     000A0
__pbssBANK2                            bssBANK2     0013D
__pbssBIGRAM                           (abs)        022C4
__pbssCOMMON                           bssCOMMON    00077
__pcstackBANK0                         cstackBANK0  00020
__pcstackBANK1                         cstackBANK1  000E3
__pcstackBANK2                         cstackBANK2  00120
__pcstackCOMMON                        cstackCOMMON 00070
__pdataBANK0                           dataBANK0    0005E
__pdataBANK1                           dataBANK1    000D3
__pdataCOMMON                          dataCOMMON   0007D
__pidataBANK0                          idataBANK0   01DB0
__pidataBANK1                          idataBANK1   01DE8
__pidataCOMMON                         idataCOMMON  00003
__pintentry                            intentry     00004
__pmaintext                            maintext     00C3C
__pstringtext                          stringtext   00235
__pswtext1                             swtext1      01800
__pswtext2                             swtext2      01814
__ptext1                               text1        01E73
__ptext10                              text10       01EAA
__ptext11                              text11       015B5
__ptext12                              text12       00002
__ptext13                              text13       01DD9
__ptext14                              text14       01FA4
__ptext15                              text15       0100A
__ptext16                              text16       01E45
__ptext17                              text17       011E9
__ptext18                              text18       01E8E
__ptext19                              text19       00801
__ptext2                               text2        01001
__ptext20                              text20       0123C
__ptext21                              text21       01F78
__ptext22                              text22       0137A
__ptext23                              text23       01EE6
__ptext24                              text24       01EC7
__ptext25                              text25       0114A
__ptext26                              text26       01DB6
__ptext27                              text27       01103
__ptext28                              text28       007F8
__ptext29                              text29       01DAC
__ptext3                               text3        0150C
__ptext30                              text30       01305
__ptext31                              text31       013F2
__ptext32                              text32       01197
__ptext33                              text33       01F4E
__ptext34                              text34       01E30
__ptext35                              text35       01FD1
__ptext36                              text36       0107B
__ptext37                              text37       01479
__ptext38                              text38       00834
__ptext39                              text39       0103F
__ptext4                               text4        009DE
__ptext40                              text40       008E8
__ptext41                              text41       01F07
__ptext42                              text42       012A0
__ptext44                              text44       010BD
__ptext45                              text45       01F29
__ptext5                               text5        01E5C
__ptext6                               text6        01DF8
__ptext7                               text7        01E1D
__ptext8                               text8        01E0A
__ptext9                               text9        00639
__size_of_CalcGlucose                  (abs)        00000
__size_of_ConfigureOscillator          (abs)        00000
__size_of_Delay_1_Second               (abs)        00000
__size_of_DisplaySavedGlucoReading     (abs)        00000
__size_of_EnterDeepSleep               (abs)        00000
__size_of_HwInit                       (abs)        00000
__size_of_InitADC                      (abs)        00000
__size_of_InitApp                      (abs)        00000
__size_of_InitTimer1                   (abs)        00000
__size_of_LCDCharacter                 (abs)        00000
__size_of_LCDClear                     (abs)        00000
__size_of_LCDInit                      (abs)        00000
__size_of_LCDString                    (abs)        00000
__size_of_LCDWrite                     (abs)        00000
__size_of_ReadSavedGlucoReading        (abs)        00000
__size_of_SW1_pressed                  (abs)        00000
__size_of_SW3_pressed                  (abs)        00000
__size_of_SaveGlucoReading             (abs)        00000
__size_of_SenseTestStrip               (abs)        00000
__size_of_SetTime                      (abs)        00000
__size_of___awdiv                      (abs)        00000
__size_of___awtoft                     (abs)        00000
__size_of___bmul                       (abs)        00000
__size_of___ftadd                      (abs)        00000
__size_of___ftdiv                      (abs)        00000
__size_of___ftge                       (abs)        00000
__size_of___ftmul                      (abs)        00000
__size_of___ftneg                      (abs)        00000
__size_of___ftpack                     (abs)        00000
__size_of___fttol                      (abs)        00000
__size_of___lbtoft                     (abs)        00000
__size_of___lwdiv                      (abs)        00000
__size_of___lwmod                      (abs)        00000
__size_of___wmul                       (abs)        00000
__size_of__doprnt                      (abs)        00000
__size_of_eeprom_read                  (abs)        00000
__size_of_eeprom_write                 (abs)        00000
__size_of_gotoXY                       (abs)        00000
__size_of_isdigit                      (abs)        00000
__size_of_isr                          (abs)        00000
__size_of_main                         (abs)        00000
__size_of_printf                       (abs)        00000
__size_of_putch                        (abs)        00000
__size_of_sprintf                      (abs)        00000
__size_ofi1_LCDInit                    (abs)        00000
__size_ofi1_LCDWrite                   (abs)        00000
_dpowers                               stringtext   00519
_eeprom_read                           text23       01EE6
_eeprom_write                          text21       01F78
_gAverageGlucose                       bssBANK1     000A0
_gBloodNotInsetrted                    bssBANK1     000C3
_gDaysRead                             bssBANK1     000C4
_gDisplayPreviousReading               bssBANK1     000C5
_gExitMemoryMode                       bssBANK1     000C6
_gGlucoseValue                         (abs)        022C4
_gHoursRead                            bssBANK1     000C7
_gMemorymode                           bssCOMMON    00078
_gMinutesRead                          bssBANK1     000C8
_gMonthRead                            bssBANK1     000C9
_gOneReadingDisplyed                   bssCOMMON    00079
_gReadCount                            bssBANK1     000CA
_gReadData                             bssBANK1     000B4
_gSavedReadingCnt                      bssBANK0     00065
_gSenseTestStrip                       bssCOMMON    0007A
_gSetDateTime                          bssBANK1     000CB
_gSigmaGlucoseValue                    bssBANK1     000A4
_gSleepMode                            bssBANK0     00066
_gStripIdleTime                        dataBANK1    000D3
_gStripInserted                        bssBANK1     000CC
_gStripRemoved                         bssCOMMON    0007B
_gTempint2                             bssBANK1     000BA
_gXadc                                 bssBANK1     000D0
_gY                                    bssBANK1     000AB
_gYearRead                             bssBANK1     000CD
_gYint                                 dataBANK1    000DF
_gYmmol                                bssBANK1     000AE
_gYmmolDecimalRead                     bssBANK1     000CE
_gYmmolRead                            bssBANK1     000CF
_gYmmolchar                            dataBANK0    00063
_gYmmoldecimal                         bssBANK1     000B1
_gYmmoldecimalchar                     dataCOMMON   0007D
_gcaptured2SValue                      bssBANK1     000BE
_gcountIdleTime                        dataBANK1    000D7
_gcounter                              dataBANK1    000E1
_gglucDataReady                        bssCOMMON    0007C
_gglucoseIndex                         bssBANK1     000C0
_gotoXY                                text34       01E30
_gtimeOutCount                         dataBANK1    000DB
_isdigit                               text13       01DD9
_isdigit$1478                          cstackBANK0  00029
_isr                                   intentry     00004
_main                                  maintext     00C3C
_printf                                text5        01E5C
_putch                                 text12       00002
_sprintf                               text10       01EAA
btemp                                  (abs)        0007E
clear_ram0                             clrtext      01DCD
eeprom_read@addr                       cstackBANK0  0002C
eeprom_write@addr                      cstackBANK0  0002C
eeprom_write@value                     cstackBANK0  00029
end_of_initialization                  cinit        00231
gotoXY@x                               cstackBANK0  00036
gotoXY@y                               cstackBANK0  00034
i1LCDWrite@d                           cstackCOMMON 00073
i1LCDWrite@data                        cstackCOMMON 00070
i1LCDWrite@data_or_command             cstackCOMMON 00072
i1LCDWrite@i                           cstackCOMMON 00074
i1_LCDInit                             text44       010BD
i1_LCDWrite                            text45       01F29
init_ram                               inittext     01DC1
int$flags                              (abs)        0007E
intlevel0                              functab      00000
intlevel1                              functab      00000
intlevel2                              functab      00000
intlevel3                              functab      00000
intlevel4                              functab      00000
intlevel5                              functab      00000
isdigit@c                              cstackBANK0  0002A
ltemp                                  (abs)        0007E
ltemp0                                 (abs)        0007E
ltemp1                                 (abs)        00082
ltemp2                                 (abs)        00086
ltemp3                                 (abs)        00080
main@lcdFormatted                      cstackBANK1  000E8
printf@ap                              cstackBANK0  0004B
printf@f                               cstackBANK0  00046
printf@pb                              cstackBANK0  0004C
putch@c                                cstackBANK0  00029
reset_vec                              reset_vec    00000
sprintf@ap                             cstackBANK0  00053
sprintf@f                              cstackBANK0  00048
sprintf@pb                             cstackBANK0  00054
sprintf@wh                             cstackBANK0  00046
stackhi                                (abs)        022C3
stacklo                                (abs)        020C9
start                                  init         001E6
start_initialization                   cinit        001E8
ttemp                                  (abs)        0007E
ttemp0                                 (abs)        0007E
ttemp1                                 (abs)        00081
ttemp2                                 (abs)        00084
ttemp3                                 (abs)        00087
ttemp4                                 (abs)        0007F
wtemp                                  (abs)        0007E
wtemp0                                 (abs)        0007E
wtemp1                                 (abs)        00080
wtemp2                                 (abs)        00082
wtemp3                                 (abs)        00084
wtemp4                                 (abs)        00086
wtemp5                                 (abs)        00088
wtemp6                                 (abs)        0007F


FUNCTION INFORMATION:

 *************** function _main *****************
 Defined at:
		line 107 in file "glucose_meter_main.c"
 Parameters:    Size  Location     Type
		None
 Auto vars:     Size  Location     Type
  lcdFormatted    1    5[BANK1 ] unsigned char 
 Return value:  Size  Location     Type
                  1    wreg      void 
 Registers used:
		wreg, fsr0l, fsr0h, fsr1l, fsr1h, status,2, status,0, pclath, cstack
 Tracked objects:
		On entry : 
		On exit  : 
		Unchanged: 
 Data sizes:     COMMON   BANK0   BANK1   BANK2   BANK3   BANK4   BANK5   BANK6   BANK7   BANK8   BANK9  BANK10  BANK11  BANK12
      Params:         0       0       0       0       0       0       0       0       0       0       0       0       0       0
      Locals:         0       0       1       0       0       0       0       0       0       0       0       0       0       0
      Temps:          0       0       0      10       0       0       0       0       0       0       0       0       0       0
      Totals:         0       0       1      10       0       0       0       0       0       0       0       0       0       0
Total ram usage:       11 bytes
 Hardware stack levels required when called:    7
 This function calls:
		_CalcGlucose
		_Delay_1_Second
		_DisplaySavedGlucoReading
		_EnterDeepSleep
		_HwInit
		_LCDClear
		_LCDInit
		_LCDString
		_LCDWrite
		_ReadSavedGlucoReading
		_SaveGlucoReading
		_SenseTestStrip
		_SetTime
		___ftadd
		___ftdiv
		___ftmul
		___ftneg
		___fttol
		___lbtoft
		_gotoXY
		_sprintf
 This function is called by:
		Startup code after reset
 This function uses a non-reentrant model


 *************** function ___lbtoft *****************
 Defined at:
		line 27 in file "C:\Program Files (x86)\Microchip\xc8\v1.37\sources\common\lbtoft.c"
 Parameters:    Size  Location     Type
  c               1    wreg     unsigned char 
 Auto vars:     Size  Location     Type
  c               1   24[BANK0 ] unsigned char 
 Return value:  Size  Location     Type
                  3   17[BANK0 ] float 
 Registers used:
		wreg, status,2, status,0, pclath, cstack
 Tracked objects:
		On entry : 
		On exit  : 
		Unchanged: 
 Data sizes:     COMMON   BANK0   BANK1   BANK2   BANK3   BANK4   BANK5   BANK6   BANK7   BANK8   BANK9  BANK10  BANK11  BANK12
      Params:         0       3       0       0       0       0       0       0       0       0       0       0       0       0
      Locals:         0       1       0       0       0       0       0       0       0       0       0       0       0       0
      Temps:          0       4       0       0       0       0       0       0       0       0       0       0       0       0
      Totals:         0       8       0       0       0       0       0       0       0       0       0       0       0       0
Total ram usage:        8 bytes
 Hardware stack levels used:    1
 Hardware stack levels required when called:    4
 This function calls:
		___ftpack
 This function is called by:
		_main
 This function uses a non-reentrant model


 *************** function ___ftneg *****************
 Defined at:
		line 15 in file "C:\Program Files (x86)\Microchip\xc8\v1.37\sources\common\ftneg.c"
 Parameters:    Size  Location     Type
  f1              3   25[BANK0 ] float 
 Auto vars:     Size  Location     Type
		None
 Return value:  Size  Location     Type
                  3   25[BANK0 ] float 
 Registers used:
		wreg
 Tracked objects:
		On entry : 
		On exit  : 
		Unchanged: 
 Data sizes:     COMMON   BANK0   BANK1   BANK2   BANK3   BANK4   BANK5   BANK6   BANK7   BANK8   BANK9  BANK10  BANK11  BANK12
      Params:         0       3       0       0       0       0       0       0       0       0       0       0       0       0
      Locals:         0       0       0       0       0       0       0       0       0       0       0       0       0       0
      Temps:          0       0       0       0       0       0       0       0       0       0       0       0       0       0
      Totals:         0       3       0       0       0       0       0       0       0       0       0       0       0       0
Total ram usage:        3 bytes
 Hardware stack levels used:    1
 Hardware stack levels required when called:    3
 This function calls:
		Nothing
 This function is called by:
		_main
 This function uses a non-reentrant model


 *************** function ___ftdiv *****************
 Defined at:
		line 56 in file "C:\Program Files (x86)\Microchip\xc8\v1.37\sources\common\ftdiv.c"
 Parameters:    Size  Location     Type
  f2              3   17[BANK0 ] float 
  f1              3   20[BANK0 ] float 
 Auto vars:     Size  Location     Type
  f3              3   28[BANK0 ] float 
  sign            1   32[BANK0 ] unsigned char 
  exp             1   31[BANK0 ] unsigned char 
  cntr            1   27[BANK0 ] unsigned char 
 Return value:  Size  Location     Type
                  3   17[BANK0 ] float 
 Registers used:
		wreg, status,2, status,0, pclath, cstack
 Tracked objects:
		On entry : 
		On exit  : 
		Unchanged: 
 Data sizes:     COMMON   BANK0   BANK1   BANK2   BANK3   BANK4   BANK5   BANK6   BANK7   BANK8   BANK9  BANK10  BANK11  BANK12
      Params:         0       6       0       0       0       0       0       0       0       0       0       0       0       0
      Locals:         0       6       0       0       0       0       0       0       0       0       0       0       0       0
      Temps:          0       4       0       0       0       0       0       0       0       0       0       0       0       0
      Totals:         0      16       0       0       0       0       0       0       0       0       0       0       0       0
Total ram usage:       16 bytes
 Hardware stack levels used:    1
 Hardware stack levels required when called:    4
 This function calls:
		___ftpack
 This function is called by:
		_main
 This function uses a non-reentrant model


 *************** function _SetTime *****************
 Defined at:
		line 236 in file "user.c"
 Parameters:    Size  Location     Type
		None
 Auto vars:     Size  Location     Type
  sw1_count       1   18[BANK2 ] unsigned char 
  confirm_coun    1   17[BANK2 ] unsigned char 
  min_1           1   16[BANK2 ] unsigned char 
  hour_1          1   15[BANK2 ] unsigned char 
  day_1           1   14[BANK2 ] unsigned char 
  month_1         1   13[BANK2 ] unsigned char 
  year_1          1   12[BANK2 ] unsigned char 
  min_2           1   11[BANK2 ] unsigned char 
  hour_2          1   10[BANK2 ] unsigned char 
  day_2           1    9[BANK2 ] unsigned char 
  month_2         1    8[BANK2 ] unsigned char 
  year_2          1    7[BANK2 ] unsigned char 
  set_time_dat    1    6[BANK2 ] unsigned char 
  pre_confirm_    1    5[BANK2 ] unsigned char 
  tMin            1    4[BANK2 ] unsigned char 
  tHour           1    3[BANK2 ] unsigned char 
  tYear           1    2[BANK2 ] unsigned char 
  tDay            1    1[BANK2 ] unsigned char 
  tMonth          1    0[BANK2 ] unsigned char 
 Return value:  Size  Location     Type
                  1    wreg      void 
 Registers used:
		wreg, fsr0l, fsr0h, fsr1l, fsr1h, status,2, status,0, pclath, cstack
 Tracked objects:
		On entry : 
		On exit  : 
		Unchanged: 
 Data sizes:     COMMON   BANK0   BANK1   BANK2   BANK3   BANK4   BANK5   BANK6   BANK7   BANK8   BANK9  BANK10  BANK11  BANK12
      Params:         0       0       0       0       0       0       0       0       0       0       0       0       0       0
      Locals:         0       0       0      19       0       0       0       0       0       0       0       0       0       0
      Temps:          0       3       0       0       0       0       0       0       0       0       0       0       0       0
      Totals:         0       3       0      19       0       0       0       0       0       0       0       0       0       0
Total ram usage:       22 bytes
 Hardware stack levels used:    1
 Hardware stack levels required when called:    6
 This function calls:
		_LCDClear
		_LCDInit
		_SW1_pressed
		_SW3_pressed
		___bmul
		_gotoXY
		_printf
 This function is called by:
		_main
 This function uses a non-reentrant model


 *************** function _printf *****************
 Defined at:
		line 13 in file "C:\Program Files (x86)\Microchip\xc8\v1.37\sources\common\printf.c"
 Parameters:    Size  Location     Type
  f               2   38[BANK0 ] PTR const unsigned char 
		 -> STR_1(15), 
 Auto vars:     Size  Location     Type
  pb              4   44[BANK0 ] struct __prbuf
  ap              1   43[BANK0 ] PTR void [1]
		 -> ?_sprintf(2), ?_printf(2), 
 Return value:  Size  Location     Type
                  2   38[BANK0 ] int 
 Registers used:
		wreg, fsr0l, fsr0h, fsr1l, fsr1h, status,2, status,0, pclath, cstack
 Tracked objects:
		On entry : 
		On exit  : 
		Unchanged: 
 Data sizes:     COMMON   BANK0   BANK1   BANK2   BANK3   BANK4   BANK5   BANK6   BANK7   BANK8   BANK9  BANK10  BANK11  BANK12
      Params:         0       4       0       0       0       0       0       0       0       0       0       0       0       0
      Locals:         0       5       0       0       0       0       0       0       0       0       0       0       0       0
      Temps:          0       1       0       0       0       0       0       0       0       0       0       0       0       0
      Totals:         0      10       0       0       0       0       0       0       0       0       0       0       0       0
Total ram usage:       10 bytes
 Hardware stack levels used:    1
 Hardware stack levels required when called:    5
 This function calls:
		__doprnt
 This function is called by:
		_SetTime
 This function uses a non-reentrant model


 *************** function ___bmul *****************
 Defined at:
		line 4 in file "C:\Program Files (x86)\Microchip\xc8\v1.37\sources\common\Umul8.c"
 Parameters:    Size  Location     Type
  multiplier      1    wreg     unsigned char 
  multiplicand    1    9[BANK0 ] unsigned char 
 Auto vars:     Size  Location     Type
[...]
      Params:         0       0       0       0       0       0       0       0       0       0       0       0       0       0
      Locals:         0       0       0       0       0       0       0       0       0       0       0       0       0       0
      Temps:          0       3       0       0       0       0       0       0       0       0       0       0       0       0
      Totals:         0       3       0       0       0       0       0       0       0       0       0       0       0       0
Total ram usage:        3 bytes
 Hardware stack levels used:    1
 Hardware stack levels required when called:    3
 This function calls:
		Nothing
 This function is called by:
		_main
 This function uses a non-reentrant model


 *************** function _CalcGlucose *****************
 Defined at:
		line 407 in file "glucose_meter_main.c"
 Parameters:    Size  Location     Type
		None
 Auto vars:     Size  Location     Type
		None
 Return value:  Size  Location     Type
                  1    wreg      void 
 Registers used:
		wreg, status,2, status,0, pclath, cstack
 Tracked objects:
		On entry : 
		On exit  : 
		Unchanged: 
 Data sizes:     COMMON   BANK0   BANK1   BANK2   BANK3   BANK4   BANK5   BANK6   BANK7   BANK8   BANK9  BANK10  BANK11  BANK12
      Params:         0       0       0       0       0       0       0       0       0       0       0       0       0       0
      Locals:         0       0       0       0       0       0       0       0       0       0       0       0       0       0
      Temps:          0       0       0       0       0       0       0       0       0       0       0       0       0       0
      Totals:         0       0       0       0       0       0       0       0       0       0       0       0       0       0
Total ram usage:        0 bytes
 Hardware stack levels used:    1
 Hardware stack levels required when called:    5
 This function calls:
		___awtoft
		___ftadd
		___ftge
		___ftmul
 This function is called by:
		_main
 This function uses a non-reentrant model


 *************** function ___ftmul *****************
 Defined at:
		line 62 in file "C:\Program Files (x86)\Microchip\xc8\v1.37\sources\common\ftmul.c"
 Parameters:    Size  Location     Type
  f1              3   41[BANK0 ] float 
  f2              3   44[BANK0 ] float 
 Auto vars:     Size  Location     Type
  f3_as_produc    3   52[BANK0 ] unsigned um
  sign            1   56[BANK0 ] unsigned char 
  cntr            1   55[BANK0 ] unsigned char 
  exp             1   51[BANK0 ] unsigned char 
 Return value:  Size  Location     Type
                  3   41[BANK0 ] float 
 Registers used:
		wreg, status,2, status,0, pclath, cstack
 Tracked objects:
		On entry : 
		On exit  : 
		Unchanged: 
 Data sizes:     COMMON   BANK0   BANK1   BANK2   BANK3   BANK4   BANK5   BANK6   BANK7   BANK8   BANK9  BANK10  BANK11  BANK12
      Params:         0       6       0       0       0       0       0       0       0       0       0       0       0       0
      Locals:         0       6       0       0       0       0       0       0       0       0       0       0       0       0
      Temps:          0       4       0       0       0       0       0       0       0       0       0       0       0       0
      Totals:         0      16       0       0       0       0       0       0       0       0       0       0       0       0
Total ram usage:       16 bytes
 Hardware stack levels used:    1
 Hardware stack levels required when called:    4
 This function calls:
		___ftpack
 This function is called by:
		_DisplaySavedGlucoReading
		_main
		_CalcGlucose
 This function uses a non-reentrant model


 *************** function ___ftge *****************
 Defined at:
		line 4 in file "C:\Program Files (x86)\Microchip\xc8\v1.37\sources\common\ftge.c"
 Parameters:    Size  Location     Type
  ff1             3    9[BANK0 ] float 
  ff2             3   12[BANK0 ] float 
 Auto vars:     Size  Location     Type
		None
 Return value:  Size  Location     Type
		None               void
 Registers used:
		wreg, status,2, status,0
 Tracked objects:
		On entry : 
		On exit  : 
		Unchanged: 
 Data sizes:     COMMON   BANK0   BANK1   BANK2   BANK3   BANK4   BANK5   BANK6   BANK7   BANK8   BANK9  BANK10  BANK11  BANK12
      Params:         0       6       0       0       0       0       0       0       0       0       0       0       0       0
      Locals:         0       0       0       0       0       0       0       0       0       0       0       0       0       0
      Temps:          0       3       0       0       0       0       0       0       0       0       0       0       0       0
      Totals:         0       9       0       0       0       0       0       0       0       0       0       0       0       0
Total ram usage:        9 bytes
 Hardware stack levels used:    1
 Hardware stack levels required when called:    3
 This function calls:
		Nothing
 This function is called by:
		_CalcGlucose
 This function uses a non-reentrant model


 *************** function ___ftadd *****************
 Defined at:
		line 86 in file "C:\Program Files (x86)\Microchip\xc8\v1.37\sources\common\ftadd.c"
 Parameters:    Size  Location     Type
  f1              3   28[BANK0 ] float 
  f2              3   31[BANK0 ] float 
 Auto vars:     Size  Location     Type
  exp1            1   40[BANK0 ] unsigned char 
  exp2            1   39[BANK0 ] unsigned char 
  sign            1   38[BANK0 ] unsigned char 
 Return value:  Size  Location     Type
                  3   28[BANK0 ] float 
 Registers used:
		wreg, status,2, status,0, pclath, cstack
 Tracked objects:
		On entry : 
		On exit  : 
		Unchanged: 
 Data sizes:     COMMON   BANK0   BANK1   BANK2   BANK3   BANK4   BANK5   BANK6   BANK7   BANK8   BANK9  BANK10  BANK11  BANK12
      Params:         0       6       0       0       0       0       0       0       0       0       0       0       0       0
      Locals:         0       3       0       0       0       0       0       0       0       0       0       0       0       0
      Temps:          0       4       0       0       0       0       0       0       0       0       0       0       0       0
      Totals:         0      13       0       0       0       0       0       0       0       0       0       0       0       0
Total ram usage:       13 bytes
 Hardware stack levels used:    1
 Hardware stack levels required when called:    4
 This function calls:
		___ftpack
 This function is called by:
		_main
		_CalcGlucose
 This function uses a non-reentrant model


 *************** function ___awtoft *****************
 Defined at:
		line 32 in file "C:\Program Files (x86)\Microchip\xc8\v1.37\sources\common\awtoft.c"
 Parameters:    Size  Location     Type
  c               2   18[BANK0 ] int 
 Auto vars:     Size  Location     Type
  sign            1   23[BANK0 ] unsigned char 
 Return value:  Size  Location     Type
                  3   18[BANK0 ] float 
 Registers used:
		wreg, status,2, status,0, pclath, cstack
 Tracked objects:
		On entry : 
		On exit  : 
		Unchanged: 
 Data sizes:     COMMON   BANK0   BANK1   BANK2   BANK3   BANK4   BANK5   BANK6   BANK7   BANK8   BANK9  BANK10  BANK11  BANK12
      Params:         0       3       0       0       0       0       0       0       0       0       0       0       0       0
      Locals:         0       1       0       0       0       0       0       0       0       0       0       0       0       0
      Temps:          0       2       0       0       0       0       0       0       0       0       0       0       0       0
      Totals:         0       6       0       0       0       0       0       0       0       0       0       0       0       0
Total ram usage:        6 bytes
 Hardware stack levels used:    1
 Hardware stack levels required when called:    4
 This function calls:
		___ftpack
 This function is called by:
		_DisplaySavedGlucoReading
		_CalcGlucose
 This function uses a non-reentrant model


 *************** function ___ftpack *****************
 Defined at:
		line 62 in file "C:\Program Files (x86)\Microchip\xc8\v1.37\sources\common\float.c"
 Parameters:    Size  Location     Type
  arg             3    9[BANK0 ] unsigned um
  exp             1   12[BANK0 ] unsigned char 
  sign            1   13[BANK0 ] unsigned char 
 Auto vars:     Size  Location     Type
		None
 Return value:  Size  Location     Type
                  3    9[BANK0 ] float 
 Registers used:
		wreg, status,2, status,0
 Tracked objects:
		On entry : 
		On exit  : 
		Unchanged: 
 Data sizes:     COMMON   BANK0   BANK1   BANK2   BANK3   BANK4   BANK5   BANK6   BANK7   BANK8   BANK9  BANK10  BANK11  BANK12
      Params:         0       5       0       0       0       0       0       0       0       0       0       0       0       0
      Locals:         0       0       0       0       0       0       0       0       0       0       0       0       0       0
      Temps:          0       3       0       0       0       0       0       0       0       0       0       0       0       0
      Totals:         0       8       0       0       0       0       0       0       0       0       0       0       0       0
Total ram usage:        8 bytes
 Hardware stack levels used:    1
 Hardware stack levels required when called:    3
 This function calls:
		Nothing
 This function is called by:
		___awtoft
		___ftadd
		___ftdiv
		___ftmul
		___lbtoft
 This function uses a non-reentrant model


 *************** function _isr *****************
 Defined at:
		line 497 in file "glucose_meter_main.c"
 Parameters:    Size  Location     Type
		None
 Auto vars:     Size  Location     Type
		None
 Return value:  Size  Location     Type
                  1    wreg      void 
 Registers used:
		wreg, status,2, status,0, pclath, cstack
 Tracked objects:
		On entry : 
		On exit  : 
		Unchanged: 
 Data sizes:     COMMON   BANK0   BANK1   BANK2   BANK3   BANK4   BANK5   BANK6   BANK7   BANK8   BANK9  BANK10  BANK11  BANK12
      Params:         0       0       0       0       0       0       0       0       0       0       0       0       0       0
      Locals:         0       0       0       0       0       0       0       0       0       0       0       0       0       0
      Temps:          0       9       0       0       0       0       0       0       0       0       0       0       0       0
      Totals:         0       9       0       0       0       0       0       0       0       0       0       0       0       0
Total ram usage:        9 bytes
 Hardware stack levels used:    1
 Hardware stack levels required when called:    2
 This function calls:
		i1_LCDInit
 This function is called by:
		Interrupt level 1
 This function uses a non-reentrant model


 *************** function i1_LCDInit *****************
 Defined at:
		line 234 in file "Nokia5110/Nokia.c"
 Parameters:    Size  Location     Type
		None
 Auto vars:     Size  Location     Type
		None
 Return value:  Size  Location     Type
                  1    wreg      void 
 Registers used:
		wreg, status,2, status,0, pclath, cstack
 Tracked objects:
		On entry : 
		On exit  : 
		Unchanged: 
 Data sizes:     COMMON   BANK0   BANK1   BANK2   BANK3   BANK4   BANK5   BANK6   BANK7   BANK8   BANK9  BANK10  BANK11  BANK12
      Params:         0       0       0       0       0       0       0       0       0       0       0       0       0       0
      Locals:         0       0       0       0       0       0       0       0       0       0       0       0       0       0
      Temps:          2       0       0       0       0       0       0       0       0       0       0       0       0       0
      Totals:         2       0       0       0       0       0       0       0       0       0       0       0       0       0
Total ram usage:        2 bytes
 Hardware stack levels used:    1
 Hardware stack levels required when called:    1
 This function calls:
		i1_LCDWrite
 This function is called by:
		_isr
 This function uses a non-reentrant model


 *************** function i1_LCDWrite *****************
 Defined at:
		line 263 in file "Nokia5110/Nokia.c"
 Parameters:    Size  Location     Type
  data_or_comm    1    wreg     unsigned char 
  data            1    0[COMMON] unsigned char 
 Auto vars:     Size  Location     Type
  data_or_comm    1    2[COMMON] unsigned char 
  LCDWrite        1    4[COMMON] unsigned char 
  LCDWrite        1    3[COMMON] unsigned char 
 Return value:  Size  Location     Type
                  1    wreg      void 
 Registers used:
		wreg, status,2, status,0
 Tracked objects:
		On entry : 
		On exit  : 
		Unchanged: 
 Data sizes:     COMMON   BANK0   BANK1   BANK2   BANK3   BANK4   BANK5   BANK6   BANK7   BANK8   BANK9  BANK10  BANK11  BANK12
      Params:         1       0       0       0       0       0       0       0       0       0       0       0       0       0
      Locals:         3       0       0       0       0       0       0       0       0       0       0       0       0       0
      Temps:          1       0       0       0       0       0       0       0       0       0       0       0       0       0
      Totals:         5       0       0       0       0       0       0       0       0       0       0       0       0       0
Total ram usage:        5 bytes
 Hardware stack levels used:    1
 This function calls:
		Nothing
 This function is called by:
		i1_LCDInit
 This function uses a non-reentrant model



MODULE INFORMATION

Module		Function		Class		Link	Load	Size
C:\Program Files (x86)\Microchip\xc8\v1.37\sources\common\ftdiv.c
		___ftdiv       		CODE           	150C	0000	170

C:\Program Files (x86)\Microchip\xc8\v1.37\sources\common\ftdiv.c estimated size: 170

C:\Program Files (x86)\Microchip\xc8\v1.37\sources\common\ftge.c
		___ftge        		CODE           	103F	0000	61

C:\Program Files (x86)\Microchip\xc8\v1.37\sources\common\ftge.c estimated size: 61

C:\Program Files (x86)\Microchip\xc8\v1.37\sources\common\doprnt.c
		__doprnt       		CODE           	15B5	0000	588

C:\Program Files (x86)\Microchip\xc8\v1.37\sources\common\doprnt.c estimated size: 588

C:\Program Files (x86)\Microchip\xc8\v1.37\sources\pic\eeread.c
		_eeprom_read   		CODE           	1EE6	0000	34

C:\Program Files (x86)\Microchip\xc8\v1.37\sources\pic\eeread.c estimated size: 34

C:\Program Files (x86)\Microchip\xc8\v1.37\sources\common\fttol.c
		___fttol       		CODE           	13F2	0000	136

C:\Program Files (x86)\Microchip\xc8\v1.37\sources\common\fttol.c estimated size: 136

C:\Program Files (x86)\Microchip\xc8\v1.37\sources\common\Umul16.c
		___wmul        		CODE           	1E8E	0000	29

C:\Program Files (x86)\Microchip\xc8\v1.37\sources\common\Umul16.c estimated size: 29

C:\Program Files (x86)\Microchip\xc8\v1.37\sources\common\lwdiv.c
		___lwdiv       		CODE           	100A	0000	54

C:\Program Files (x86)\Microchip\xc8\v1.37\sources\common\lwdiv.c estimated size: 54

C:\Program Files (x86)\Microchip\xc8\v1.37\sources\common\awdiv.c
		___awdiv       		CODE           	1197	0000	83

C:\Program Files (x86)\Microchip\xc8\v1.37\sources\common\awdiv.c estimated size: 83

C:\Program Files (x86)\Microchip\xc8\v1.37\sources\common\isdigit.c
		_isdigit       		CODE           	1DD9	0000	16

C:\Program Files (x86)\Microchip\xc8\v1.37\sources\common\isdigit.c estimated size: 16

C:\Program Files (x86)\Microchip\xc8\v1.37\sources\common\ftadd.c
		___ftadd       		CODE           	08E8	0000	247

C:\Program Files (x86)\Microchip\xc8\v1.37\sources\common\ftadd.c estimated size: 247

Nokia5110/Nokia.c
		_LCDClear      		CODE           	1F4E	0000	43
		_LCDWrite      		CODE           	1FD1	0000	48
		_LCDInit       		CODE           	114A	0000	78
		_LCDCharacter  		CODE           	11E9	0000	84
		_LCDString     		CODE           	1E45	0000	24
		_gotoXY        		CODE           	1E30	0000	22

Nokia5110/Nokia.c estimated size: 299

C:\Program Files (x86)\Microchip\xc8\v1.37\sources\common\Umul8.c
		___bmul        		CODE           	1DF8	0000	19

C:\Program Files (x86)\Microchip\xc8\v1.37\sources\common\Umul8.c estimated size: 19

C:\Program Files (x86)\Microchip\xc8\v1.37\sources\pic\eewrite.c
		_eeprom_write  		CODE           	1F78	0000	45

C:\Program Files (x86)\Microchip\xc8\v1.37\sources\pic\eewrite.c estimated size: 45

C:\Program Files (x86)\Microchip\xc8\v1.37\sources\common\sprintf.c
		_sprintf       		CODE           	1EAA	0000	30

C:\Program Files (x86)\Microchip\xc8\v1.37\sources\common\sprintf.c estimated size: 30

EEPROM.c
		_DisplaySavedGlucoReading		CODE           	1305	0000	118
		_ReadSavedGlucoReading		CODE           	137A	0000	121
		_SaveGlucoReading		CODE           	123C	0000	101

EEPROM.c estimated size: 340

C:\Program Files (x86)\Microchip\xc8\v1.37\sources\common\ftneg.c
		___ftneg       		CODE           	1001	0000	10

C:\Program Files (x86)\Microchip\xc8\v1.37\sources\common\ftneg.c estimated size: 10

shared
		_LARGEnum      		STRCODE        	0415	0000	261
		i1_LCDInit     		CODE           	10BD	0000	71
		_dpowers       		STRCODE        	0519	0000	11
		_ASCII         		STRCODE        	0235	0000	481
		__initialization		CODE           	01E8	0000	74
		i1_LCDWrite    		CODE           	1F29	0000	38

shared estimated size: 936

C:\Program Files (x86)\Microchip\xc8\v1.37\sources\common\printf.c
		_printf        		CODE           	1E5C	0000	24

C:\Program Files (x86)\Microchip\xc8\v1.37\sources\common\printf.c estimated size: 24

C:\Program Files (x86)\Microchip\xc8\v1.37\sources\common\awtoft.c
		___awtoft      		CODE           	1F07	0000	35

C:\Program Files (x86)\Microchip\xc8\v1.37\sources\common\awtoft.c estimated size: 35

C:\Program Files (x86)\Microchip\xc8\v1.37\sources\common\lbtoft.c
		___lbtoft      		CODE           	1E73	0000	28

C:\Program Files (x86)\Microchip\xc8\v1.37\sources\common\lbtoft.c estimated size: 28

C:\Program Files (x86)\Microchip\xc8\v1.37\sources\common\putch.c
		_putch         		CODE           	0002	0000	2

C:\Program Files (x86)\Microchip\xc8\v1.37\sources\common\putch.c estimated size: 2

user.c
		_SW1_pressed   		CODE           	1E0A	0000	20
		_SW3_pressed   		CODE           	1E1D	0000	20
		_InitTimer1    		CODE           	1DB6	0000	12
		_ConfigureOscillator		CODE           	1DAC	0000	5
		_InitADC       		CODE           	07F8	0000	9
		_SetTime       		CODE           	09DE	0000	607
		_Delay_1_Second		CODE           	107B	0000	67
		_InitApp       		CODE           	1103	0000	72
		_HwInit        		CODE           	1EC7	0000	32

user.c estimated size: 844

C:\Program Files (x86)\Microchip\xc8\v1.37\sources\common\float.c
		___ftpack      		CODE           	12A0	0000	102

C:\Program Files (x86)\Microchip\xc8\v1.37\sources\common\float.c estimated size: 102

C:\Program Files (x86)\Microchip\xc8\v1.37\sources\common\lwmod.c
		___lwmod       		CODE           	1FA4	0000	46

C:\Program Files (x86)\Microchip\xc8\v1.37\sources\common\lwmod.c estimated size: 46

C:\Program Files (x86)\Microchip\xc8\v1.37\sources\common\ftmul.c
		___ftmul       		CODE           	0834	0000	181

C:\Program Files (x86)\Microchip\xc8\v1.37\sources\common\ftmul.c estimated size: 181

glucose_meter_main.c
		_main          		CODE           	0C3C	0000	965
		_isr           		CODE           	0004	0000	483
		_EnterDeepSleep		CODE           	0801	0000	52
		_SenseTestStrip		CODE           	0639	0000	448
		_CalcGlucose   		CODE           	1479	0000	148

glucose_meter_main.c estimated size: 2096

